      1 FAILURES: 0
test_boss_smoke: 0 falhas, 0 erros de script
      1 FAILURES: 0
test_grade_save: 0 falhas, 0 erros de script
      1 FAILURES: 0
test_items: 0 falhas, 0 erros de script
      1 FAILURES: 0
test_jugglers: 0 falhas, 0 erros de script
      1 FAILURES: 0
test_magician: 0 falhas, 0 erros de script
      1 FAILURES: 0
test_map: 0 falhas, 0 erros de script
      1 FAILURES: 0
test_shop: 0 falhas, 0 erros de script
      1 FAILURES: 0
test_special: 0 falhas, 0 erros de script
      1 FAILURES: 0
test_train: 0 falhas, 0 erros de script
test_online : ok
[host] FAIL the aces the client popped are popped (and harmless) on the host too ([])
[host] FAILURES: 1
[client] FAIL right box hit by the client: bonus damage (0)
[client] FAIL client parried a pink ace with the real jump input (0)
[client] FAILURES: 2
test_online ruim: FALHOU
exit 1
