Godot Engine v4.7.2.stable.official.ed1daf0bf - https://godotengine.org

[client] OK   join started
[client] OK   both on the map
[client] OK   two walkers in the world
ERROR: Not supported by this display server.
   at: keyboard_get_keycode_from_physical (servers/display/display_server.cpp:1224)
   GDScript backtrace (most recent call first):
       [0] display_name (res://core/settings/input_serializer.gd:67)
       [1] _shoot_key_name (res://core/world/world_door.gd:258)
       [2] _update_status (res://core/world/world_door.gd:249)
       [3] _physics_process (res://core/world/world_door.gd:158)
ERROR: Not supported by this display server.
   at: keyboard_get_keycode_from_physical (servers/display/display_server.cpp:1224)
   GDScript backtrace (most recent call first):
       [0] display_name (res://core/settings/input_serializer.gd:67)
       [1] _shoot_key_name (res://core/world/world_door.gd:258)
       [2] _update_status (res://core/world/world_door.gd:249)
       [3] _physics_process (res://core/world/world_door.gd:158)
ERROR: Not supported by this display server.
   at: keyboard_get_keycode_from_physical (servers/display/display_server.cpp:1224)
   GDScript backtrace (most recent call first):
       [0] display_name (res://core/settings/input_serializer.gd:67)
       [1] _shoot_key_name (res://core/world/world_door.gd:258)
       [2] _update_status (res://core/world/world_door.gd:249)
       [3] _physics_process (res://core/world/world_door.gd:158)
ERROR: Not supported by this display server.
   at: keyboard_get_keycode_from_physical (servers/display/display_server.cpp:1224)
   GDScript backtrace (most recent call first):
       [0] display_name (res://core/settings/input_serializer.gd:67)
       [1] _shoot_key_name (res://core/world/world_door.gd:258)
       [2] _update_status (res://core/world/world_door.gd:249)
       [3] _physics_process (res://core/world/world_door.gd:158)
ERROR: Not supported by this display server.
   at: keyboard_get_keycode_from_physical (servers/display/display_server.cpp:1224)
   GDScript backtrace (most recent call first):
       [0] display_name (res://core/settings/input_serializer.gd:67)
       [1] _shoot_key_name (res://core/world/world_door.gd:258)
       [2] _update_status (res://core/world/world_door.gd:249)
       [3] _physics_process (res://core/world/world_door.gd:158)
ERROR: Not supported by this display server.
   at: keyboard_get_keycode_from_physical (servers/display/display_server.cpp:1224)
   GDScript backtrace (most recent call first):
       [0] display_name (res://core/settings/input_serializer.gd:67)
       [1] _shoot_key_name (res://core/world/world_door.gd:258)
       [2] _update_status (res://core/world/world_door.gd:249)
       [3] _physics_process (res://core/world/world_door.gd:158)
ERROR: Not supported by this display server.
   at: keyboard_get_keycode_from_physical (servers/display/display_server.cpp:1224)
   GDScript backtrace (most recent call first):
       [0] display_name (res://core/settings/input_serializer.gd:67)
       [1] _shoot_key_name (res://core/world/world_door.gd:258)
       [2] _update_status (res://core/world/world_door.gd:249)
       [3] _physics_process (res://core/world/world_door.gd:158)
ERROR: Not supported by this display server.
   at: keyboard_get_keycode_from_physical (servers/display/display_server.cpp:1224)
   GDScript backtrace (most recent call first):
       [0] display_name (res://core/settings/input_serializer.gd:67)
       [1] _shoot_key_name (res://core/world/world_door.gd:258)
       [2] _update_status (res://core/world/world_door.gd:249)
       [3] _physics_process (res://core/world/world_door.gd:158)
ERROR: Not supported by this display server.
   at: keyboard_get_keycode_from_physical (servers/display/display_server.cpp:1224)
   GDScript backtrace (most recent call first):
       [0] display_name (res://core/settings/input_serializer.gd:67)
       [1] _shoot_key_name (res://core/world/world_door.gd:258)
       [2] _update_status (res://core/world/world_door.gd:249)
       [3] _physics_process (res://core/world/world_door.gd:158)
ERROR: Not supported by this display server.
   at: keyboard_get_keycode_from_physical (servers/display/display_server.cpp:1224)
   GDScript backtrace (most recent call first):
       [0] display_name (res://core/settings/input_serializer.gd:67)
       [1] _shoot_key_name (res://core/world/world_door.gd:258)
       [2] _update_status (res://core/world/world_door.gd:249)
       [3] _physics_process (res://core/world/world_door.gd:158)
ERROR: Not supported by this display server.
   at: keyboard_get_keycode_from_physical (servers/display/display_server.cpp:1224)
   GDScript backtrace (most recent call first):
       [0] display_name (res://core/settings/input_serializer.gd:67)
       [1] _shoot_key_name (res://core/world/world_door.gd:258)
       [2] _update_status (res://core/world/world_door.gd:249)
       [3] _physics_process (res://core/world/world_door.gd:158)
ERROR: Not supported by this display server.
   at: keyboard_get_keycode_from_physical (servers/display/display_server.cpp:1224)
   GDScript backtrace (most recent call first):
       [0] display_name (res://core/settings/input_serializer.gd:67)
       [1] _shoot_key_name (res://core/world/world_door.gd:258)
       [2] _update_status (res://core/world/world_door.gd:249)
       [3] _physics_process (res://core/world/world_door.gd:158)
ERROR: Not supported by this display server.
   at: keyboard_get_keycode_from_physical (servers/display/display_server.cpp:1224)
   GDScript backtrace (most recent call first):
       [0] display_name (res://core/settings/input_serializer.gd:67)
       [1] _shoot_key_name (res://core/world/world_door.gd:258)
       [2] _update_status (res://core/world/world_door.gd:249)
       [3] _physics_process (res://core/world/world_door.gd:158)
ERROR: Not supported by this display server.
   at: keyboard_get_keycode_from_physical (servers/display/display_server.cpp:1224)
   GDScript backtrace (most recent call first):
       [0] display_name (res://core/settings/input_serializer.gd:67)
       [1] _shoot_key_name (res://core/world/world_door.gd:258)
       [2] _update_status (res://core/world/world_door.gd:249)
       [3] _physics_process (res://core/world/world_door.gd:158)
ERROR: Not supported by this display server.
   at: keyboard_get_keycode_from_physical (servers/display/display_server.cpp:1224)
   GDScript backtrace (most recent call first):
       [0] display_name (res://core/settings/input_serializer.gd:67)
       [1] _shoot_key_name (res://core/world/world_door.gd:258)
       [2] _update_status (res://core/world/world_door.gd:249)
       [3] _physics_process (res://core/world/world_door.gd:158)
ERROR: Not supported by this display server.
   at: keyboard_get_keycode_from_physical (servers/display/display_server.cpp:1224)
   GDScript backtrace (most recent call first):
       [0] display_name (res://core/settings/input_serializer.gd:67)
       [1] _shoot_key_name (res://core/world/world_door.gd:258)
       [2] _update_status (res://core/world/world_door.gd:249)
       [3] _physics_process (res://core/world/world_door.gd:158)
ERROR: Not supported by this display server.
   at: keyboard_get_keycode_from_physical (servers/display/display_server.cpp:1224)
   GDScript backtrace (most recent call first):
       [0] display_name (res://core/settings/input_serializer.gd:67)
       [1] _shoot_key_name (res://core/world/world_door.gd:258)
       [2] _update_status (res://core/world/world_door.gd:249)
       [3] _physics_process (res://core/world/world_door.gd:158)
ERROR: Not supported by this display server.
   at: keyboard_get_keycode_from_physical (servers/display/display_server.cpp:1224)
   GDScript backtrace (most recent call first):
       [0] display_name (res://core/settings/input_serializer.gd:67)
       [1] _shoot_key_name (res://core/world/world_door.gd:258)
       [2] _update_status (res://core/world/world_door.gd:249)
       [3] _physics_process (res://core/world/world_door.gd:158)
ERROR: Not supported by this display server.
   at: keyboard_get_keycode_from_physical (servers/display/display_server.cpp:1224)
   GDScript backtrace (most recent call first):
       [0] display_name (res://core/settings/input_serializer.gd:67)
       [1] _shoot_key_name (res://core/world/world_door.gd:258)
       [2] _update_status (res://core/world/world_door.gd:249)
       [3] _physics_process (res://core/world/world_door.gd:158)
ERROR: Not supported by this display server.
   at: keyboard_get_keycode_from_physical (servers/display/display_server.cpp:1224)
   GDScript backtrace (most recent call first):
       [0] display_name (res://core/settings/input_serializer.gd:67)
       [1] _shoot_key_name (res://core/world/world_door.gd:258)
       [2] _update_status (res://core/world/world_door.gd:249)
       [3] _physics_process (res://core/world/world_door.gd:158)
ERROR: Not supported by this display server.
   at: keyboard_get_keycode_from_physical (servers/display/display_server.cpp:1224)
   GDScript backtrace (most recent call first):
       [0] display_name (res://core/settings/input_serializer.gd:67)
       [1] _shoot_key_name (res://core/world/world_door.gd:258)
       [2] _update_status (res://core/world/world_door.gd:249)
       [3] _physics_process (res://core/world/world_door.gd:158)
ERROR: Not supported by this display server.
   at: keyboard_get_keycode_from_physical (servers/display/display_server.cpp:1224)
   GDScript backtrace (most recent call first):
       [0] display_name (res://core/settings/input_serializer.gd:67)
       [1] _shoot_key_name (res://core/world/world_door.gd:258)
       [2] _update_status (res://core/world/world_door.gd:249)
       [3] _physics_process (res://core/world/world_door.gd:158)
ERROR: Not supported by this display server.
   at: keyboard_get_keycode_from_physical (servers/display/display_server.cpp:1224)
   GDScript backtrace (most recent call first):
       [0] display_name (res://core/settings/input_serializer.gd:67)
       [1] _shoot_key_name (res://core/world/world_door.gd:258)
       [2] _update_status (res://core/world/world_door.gd:249)
       [3] _physics_process (res://core/world/world_door.gd:158)
ERROR: Not supported by this display server.
   at: keyboard_get_keycode_from_physical (servers/display/display_server.cpp:1224)
   GDScript backtrace (most recent call first):
       [0] display_name (res://core/settings/input_serializer.gd:67)
       [1] _shoot_key_name (res://core/world/world_door.gd:258)
       [2] _update_status (res://core/world/world_door.gd:249)
       [3] _physics_process (res://core/world/world_door.gd:158)
ERROR: Not supported by this display server.
   at: keyboard_get_keycode_from_physical (servers/display/display_server.cpp:1224)
   GDScript backtrace (most recent call first):
       [0] display_name (res://core/settings/input_serializer.gd:67)
       [1] _shoot_key_name (res://core/world/world_door.gd:258)
       [2] _update_status (res://core/world/world_door.gd:249)
       [3] _physics_process (res://core/world/world_door.gd:158)
ERROR: Not supported by this display server.
   at: keyboard_get_keycode_from_physical (servers/display/display_server.cpp:1224)
   GDScript backtrace (most recent call first):
       [0] display_name (res://core/settings/input_serializer.gd:67)
       [1] _shoot_key_name (res://core/world/world_door.gd:258)
       [2] _update_status (res://core/world/world_door.gd:249)
       [3] _physics_process (res://core/world/world_door.gd:158)
ERROR: Not supported by this display server.
   at: keyboard_get_keycode_from_physical (servers/display/display_server.cpp:1224)
   GDScript backtrace (most recent call first):
       [0] display_name (res://core/settings/input_serializer.gd:67)
       [1] _shoot_key_name (res://core/world/world_door.gd:258)
       [2] _update_status (res://core/world/world_door.gd:249)
       [3] _physics_process (res://core/world/world_door.gd:158)
ERROR: Not supported by this display server.
   at: keyboard_get_keycode_from_physical (servers/display/display_server.cpp:1224)
   GDScript backtrace (most recent call first):
       [0] display_name (res://core/settings/input_serializer.gd:67)
       [1] _shoot_key_name (res://core/world/world_door.gd:258)
       [2] _update_status (res://core/world/world_door.gd:249)
       [3] _physics_process (res://core/world/world_door.gd:158)
ERROR: Not supported by this display server.
   at: keyboard_get_keycode_from_physical (servers/display/display_server.cpp:1224)
   GDScript backtrace (most recent call first):
       [0] display_name (res://core/settings/input_serializer.gd:67)
       [1] _shoot_key_name (res://core/world/world_door.gd:258)
       [2] _update_status (res://core/world/world_door.gd:249)
       [3] _physics_process (res://core/world/world_door.gd:158)
ERROR: Not supported by this display server.
   at: keyboard_get_keycode_from_physical (servers/display/display_server.cpp:1224)
   GDScript backtrace (most recent call first):
       [0] display_name (res://core/settings/input_serializer.gd:67)
       [1] _shoot_key_name (res://core/world/world_door.gd:258)
       [2] _update_status (res://core/world/world_door.gd:249)
       [3] _physics_process (res://core/world/world_door.gd:158)
ERROR: Not supported by this display server.
   at: keyboard_get_keycode_from_physical (servers/display/display_server.cpp:1224)
   GDScript backtrace (most recent call first):
       [0] display_name (res://core/settings/input_serializer.gd:67)
       [1] _shoot_key_name (res://core/world/world_door.gd:258)
       [2] _update_status (res://core/world/world_door.gd:249)
       [3] _physics_process (res://core/world/world_door.gd:158)
ERROR: Not supported by this display server.
   at: keyboard_get_keycode_from_physical (servers/display/display_server.cpp:1224)
   GDScript backtrace (most recent call first):
       [0] display_name (res://core/settings/input_serializer.gd:67)
       [1] _shoot_key_name (res://core/world/world_door.gd:258)
       [2] _update_status (res://core/world/world_door.gd:249)
       [3] _physics_process (res://core/world/world_door.gd:158)
ERROR: Not supported by this display server.
   at: keyboard_get_keycode_from_physical (servers/display/display_server.cpp:1224)
   GDScript backtrace (most recent call first):
       [0] display_name (res://core/settings/input_serializer.gd:67)
       [1] _shoot_key_name (res://core/world/world_door.gd:258)
       [2] _update_status (res://core/world/world_door.gd:249)
       [3] _physics_process (res://core/world/world_door.gd:158)
ERROR: Not supported by this display server.
   at: keyboard_get_keycode_from_physical (servers/display/display_server.cpp:1224)
   GDScript backtrace (most recent call first):
       [0] display_name (res://core/settings/input_serializer.gd:67)
       [1] _shoot_key_name (res://core/world/world_door.gd:258)
       [2] _update_status (res://core/world/world_door.gd:249)
       [3] _physics_process (res://core/world/world_door.gd:158)
ERROR: Not supported by this display server.
   at: keyboard_get_keycode_from_physical (servers/display/display_server.cpp:1224)
   GDScript backtrace (most recent call first):
       [0] display_name (res://core/settings/input_serializer.gd:67)
       [1] _shoot_key_name (res://core/world/world_door.gd:258)
       [2] _update_status (res://core/world/world_door.gd:249)
       [3] _physics_process (res://core/world/world_door.gd:158)
ERROR: Not supported by this display server.
   at: keyboard_get_keycode_from_physical (servers/display/display_server.cpp:1224)
   GDScript backtrace (most recent call first):
       [0] display_name (res://core/settings/input_serializer.gd:67)
       [1] _shoot_key_name (res://core/world/world_door.gd:258)
       [2] _update_status (res://core/world/world_door.gd:249)
       [3] _physics_process (res://core/world/world_door.gd:158)
ERROR: Not supported by this display server.
   at: keyboard_get_keycode_from_physical (servers/display/display_server.cpp:1224)
   GDScript backtrace (most recent call first):
       [0] display_name (res://core/settings/input_serializer.gd:67)
       [1] _shoot_key_name (res://core/world/world_door.gd:258)
       [2] _update_status (res://core/world/world_door.gd:249)
       [3] _physics_process (res://core/world/world_door.gd:158)
ERROR: Not supported by this display server.
   at: keyboard_get_keycode_from_physical (servers/display/display_server.cpp:1224)
   GDScript backtrace (most recent call first):
       [0] display_name (res://core/settings/input_serializer.gd:67)
       [1] _shoot_key_name (res://core/world/world_door.gd:258)
       [2] _update_status (res://core/world/world_door.gd:249)
       [3] _physics_process (res://core/world/world_door.gd:158)
ERROR: Not supported by this display server.
   at: keyboard_get_keycode_from_physical (servers/display/display_server.cpp:1224)
   GDScript backtrace (most recent call first):
       [0] display_name (res://core/settings/input_serializer.gd:67)
       [1] _shoot_key_name (res://core/world/world_door.gd:258)
       [2] _update_status (res://core/world/world_door.gd:249)
       [3] _physics_process (res://core/world/world_door.gd:158)
ERROR: Not supported by this display server.
   at: keyboard_get_keycode_from_physical (servers/display/display_server.cpp:1224)
   GDScript backtrace (most recent call first):
       [0] display_name (res://core/settings/input_serializer.gd:67)
       [1] _shoot_key_name (res://core/world/world_door.gd:258)
       [2] _update_status (res://core/world/world_door.gd:249)
       [3] _physics_process (res://core/world/world_door.gd:158)
ERROR: Not supported by this display server.
   at: keyboard_get_keycode_from_physical (servers/display/display_server.cpp:1224)
   GDScript backtrace (most recent call first):
       [0] display_name (res://core/settings/input_serializer.gd:67)
       [1] _shoot_key_name (res://core/world/world_door.gd:258)
       [2] _update_status (res://core/world/world_door.gd:249)
       [3] _physics_process (res://core/world/world_door.gd:158)
ERROR: Not supported by this display server.
   at: keyboard_get_keycode_from_physical (servers/display/display_server.cpp:1224)
   GDScript backtrace (most recent call first):
       [0] display_name (res://core/settings/input_serializer.gd:67)
       [1] _shoot_key_name (res://core/world/world_door.gd:258)
       [2] _update_status (res://core/world/world_door.gd:249)
       [3] _physics_process (res://core/world/world_door.gd:158)
ERROR: Not supported by this display server.
   at: keyboard_get_keycode_from_physical (servers/display/display_server.cpp:1224)
   GDScript backtrace (most recent call first):
       [0] display_name (res://core/settings/input_serializer.gd:67)
       [1] _shoot_key_name (res://core/world/world_door.gd:258)
       [2] _update_status (res://core/world/world_door.gd:249)
       [3] _physics_process (res://core/world/world_door.gd:158)
ERROR: Not supported by this display server.
   at: keyboard_get_keycode_from_physical (servers/display/display_server.cpp:1224)
   GDScript backtrace (most recent call first):
       [0] display_name (res://core/settings/input_serializer.gd:67)
       [1] _shoot_key_name (res://core/world/world_door.gd:258)
       [2] _update_status (res://core/world/world_door.gd:249)
       [3] _physics_process (res://core/world/world_door.gd:158)
ERROR: Not supported by this display server.
   at: keyboard_get_keycode_from_physical (servers/display/display_server.cpp:1224)
   GDScript backtrace (most recent call first):
       [0] display_name (res://core/settings/input_serializer.gd:67)
       [1] _shoot_key_name (res://core/world/world_door.gd:258)
       [2] _update_status (res://core/world/world_door.gd:249)
       [3] _physics_process (res://core/world/world_door.gd:158)
ERROR: Not supported by this display server.
   at: keyboard_get_keycode_from_physical (servers/display/display_server.cpp:1224)
   GDScript backtrace (most recent call first):
       [0] display_name (res://core/settings/input_serializer.gd:67)
       [1] _shoot_key_name (res://core/world/world_door.gd:258)
       [2] _update_status (res://core/world/world_door.gd:249)
       [3] _physics_process (res://core/world/world_door.gd:158)
ERROR: Not supported by this display server.
   at: keyboard_get_keycode_from_physical (servers/display/display_server.cpp:1224)
   GDScript backtrace (most recent call first):
       [0] display_name (res://core/settings/input_serializer.gd:67)
       [1] _shoot_key_name (res://core/world/world_door.gd:258)
       [2] _update_status (res://core/world/world_door.gd:249)
       [3] _physics_process (res://core/world/world_door.gd:158)
ERROR: Not supported by this display server.
   at: keyboard_get_keycode_from_physical (servers/display/display_server.cpp:1224)
   GDScript backtrace (most recent call first):
       [0] display_name (res://core/settings/input_serializer.gd:67)
       [1] _shoot_key_name (res://core/world/world_door.gd:258)
       [2] _update_status (res://core/world/world_door.gd:249)
       [3] _physics_process (res://core/world/world_door.gd:158)
ERROR: Not supported by this display server.
   at: keyboard_get_keycode_from_physical (servers/display/display_server.cpp:1224)
   GDScript backtrace (most recent call first):
       [0] display_name (res://core/settings/input_serializer.gd:67)
       [1] _shoot_key_name (res://core/world/world_door.gd:258)
       [2] _update_status (res://core/world/world_door.gd:249)
       [3] _physics_process (res://core/world/world_door.gd:158)
ERROR: Not supported by this display server.
   at: keyboard_get_keycode_from_physical (servers/display/display_server.cpp:1224)
   GDScript backtrace (most recent call first):
       [0] display_name (res://core/settings/input_serializer.gd:67)
       [1] _shoot_key_name (res://core/world/world_door.gd:258)
       [2] _update_status (res://core/world/world_door.gd:249)
       [3] _physics_process (res://core/world/world_door.gd:158)
ERROR: Not supported by this display server.
   at: keyboard_get_keycode_from_physical (servers/display/display_server.cpp:1224)
   GDScript backtrace (most recent call first):
       [0] display_name (res://core/settings/input_serializer.gd:67)
       [1] _shoot_key_name (res://core/world/world_door.gd:258)
       [2] _update_status (res://core/world/world_door.gd:249)
       [3] _physics_process (res://core/world/world_door.gd:158)
ERROR: Not supported by this display server.
   at: keyboard_get_keycode_from_physical (servers/display/display_server.cpp:1224)
   GDScript backtrace (most recent call first):
       [0] display_name (res://core/settings/input_serializer.gd:67)
       [1] _shoot_key_name (res://core/world/world_door.gd:258)
       [2] _update_status (res://core/world/world_door.gd:249)
       [3] _physics_process (res://core/world/world_door.gd:158)
ERROR: Not supported by this display server.
   at: keyboard_get_keycode_from_physical (servers/display/display_server.cpp:1224)
   GDScript backtrace (most recent call first):
       [0] display_name (res://core/settings/input_serializer.gd:67)
       [1] _shoot_key_name (res://core/world/world_door.gd:258)
       [2] _update_status (res://core/world/world_door.gd:249)
       [3] _physics_process (res://core/world/world_door.gd:158)
ERROR: Not supported by this display server.
   at: keyboard_get_keycode_from_physical (servers/display/display_server.cpp:1224)
   GDScript backtrace (most recent call first):
       [0] display_name (res://core/settings/input_serializer.gd:67)
       [1] _shoot_key_name (res://core/world/world_door.gd:258)
       [2] _update_status (res://core/world/world_door.gd:249)
       [3] _physics_process (res://core/world/world_door.gd:158)
ERROR: Not supported by this display server.
   at: keyboard_get_keycode_from_physical (servers/display/display_server.cpp:1224)
   GDScript backtrace (most recent call first):
       [0] display_name (res://core/settings/input_serializer.gd:67)
       [1] _shoot_key_name (res://core/world/world_door.gd:258)
       [2] _update_status (res://core/world/world_door.gd:249)
       [3] _physics_process (res://core/world/world_door.gd:158)
ERROR: Not supported by this display server.
   at: keyboard_get_keycode_from_physical (servers/display/display_server.cpp:1224)
   GDScript backtrace (most recent call first):
       [0] display_name (res://core/settings/input_serializer.gd:67)
       [1] _shoot_key_name (res://core/world/world_door.gd:258)
       [2] _update_status (res://core/world/world_door.gd:249)
       [3] _physics_process (res://core/world/world_door.gd:158)
ERROR: Not supported by this display server.
   at: keyboard_get_keycode_from_physical (servers/display/display_server.cpp:1224)
   GDScript backtrace (most recent call first):
       [0] display_name (res://core/settings/input_serializer.gd:67)
       [1] _shoot_key_name (res://core/world/world_door.gd:258)
       [2] _update_status (res://core/world/world_door.gd:249)
       [3] _physics_process (res://core/world/world_door.gd:158)
ERROR: Not supported by this display server.
   at: keyboard_get_keycode_from_physical (servers/display/display_server.cpp:1224)
   GDScript backtrace (most recent call first):
       [0] display_name (res://core/settings/input_serializer.gd:67)
       [1] _shoot_key_name (res://core/world/world_door.gd:258)
       [2] _update_status (res://core/world/world_door.gd:249)
       [3] _physics_process (res://core/world/world_door.gd:158)
[client] OK   alone at the tent: waits for the partner
ERROR: Not supported by this display server.
   at: keyboard_get_keycode_from_physical (servers/display/display_server.cpp:1224)
   GDScript backtrace (most recent call first):
       [0] display_name (res://core/settings/input_serializer.gd:67)
       [1] _shoot_key_name (res://core/world/world_door.gd:258)
       [2] _update_status (res://core/world/world_door.gd:249)
       [3] _physics_process (res://core/world/world_door.gd:158)
ERROR: Not supported by this display server.
   at: keyboard_get_keycode_from_physical (servers/display/display_server.cpp:1224)
   GDScript backtrace (most recent call first):
       [0] display_name (res://core/settings/input_serializer.gd:67)
       [1] _shoot_key_name (res://core/world/world_door.gd:258)
       [2] _update_status (res://core/world/world_door.gd:249)
       [3] _physics_process (res://core/world/world_door.gd:158)
ERROR: Not supported by this display server.
   at: keyboard_get_keycode_from_physical (servers/display/display_server.cpp:1224)
   GDScript backtrace (most recent call first):
       [0] display_name (res://core/settings/input_serializer.gd:67)
       [1] _shoot_key_name (res://core/world/world_door.gd:258)
       [2] _update_status (res://core/world/world_door.gd:249)
       [3] _physics_process (res://core/world/world_door.gd:158)
ERROR: Not supported by this display server.
   at: keyboard_get_keycode_from_physical (servers/display/display_server.cpp:1224)
   GDScript backtrace (most recent call first):
       [0] display_name (res://core/settings/input_serializer.gd:67)
       [1] _shoot_key_name (res://core/world/world_door.gd:258)
       [2] _update_status (res://core/world/world_door.gd:249)
       [3] _physics_process (res://core/world/world_door.gd:158)
ERROR: Not supported by this display server.
   at: keyboard_get_keycode_from_physical (servers/display/display_server.cpp:1224)
   GDScript backtrace (most recent call first):
       [0] display_name (res://core/settings/input_serializer.gd:67)
       [1] _shoot_key_name (res://core/world/world_door.gd:258)
       [2] _update_status (res://core/world/world_door.gd:249)
       [3] _physics_process (res://core/world/world_door.gd:158)
ERROR: Not supported by this display server.
   at: keyboard_get_keycode_from_physical (servers/display/display_server.cpp:1224)
   GDScript backtrace (most recent call first):
       [0] display_name (res://core/settings/input_serializer.gd:67)
       [1] _shoot_key_name (res://core/world/world_door.gd:258)
       [2] _update_status (res://core/world/world_door.gd:249)
       [3] _physics_process (res://core/world/world_door.gd:158)
ERROR: Not supported by this display server.
   at: keyboard_get_keycode_from_physical (servers/display/display_server.cpp:1224)
   GDScript backtrace (most recent call first):
       [0] display_name (res://core/settings/input_serializer.gd:67)
       [1] _shoot_key_name (res://core/world/world_door.gd:258)
       [2] _update_status (res://core/world/world_door.gd:249)
       [3] _physics_process (res://core/world/world_door.gd:158)
ERROR: Not supported by this display server.
   at: keyboard_get_keycode_from_physical (servers/display/display_server.cpp:1224)
   GDScript backtrace (most recent call first):
       [0] display_name (res://core/settings/input_serializer.gd:67)
       [1] _shoot_key_name (res://core/world/world_door.gd:258)
       [2] _update_status (res://core/world/world_door.gd:249)
       [3] _physics_process (res://core/world/world_door.gd:158)
ERROR: Not supported by this display server.
   at: keyboard_get_keycode_from_physical (servers/display/display_server.cpp:1224)
   GDScript backtrace (most recent call first):
       [0] display_name (res://core/settings/input_serializer.gd:67)
       [1] _shoot_key_name (res://core/world/world_door.gd:258)
       [2] _update_status (res://core/world/world_door.gd:249)
       [3] _physics_process (res://core/world/world_door.gd:158)
ERROR: Not supported by this display server.
   at: keyboard_get_keycode_from_physical (servers/display/display_server.cpp:1224)
   GDScript backtrace (most recent call first):
       [0] display_name (res://core/settings/input_serializer.gd:67)
       [1] _shoot_key_name (res://core/world/world_door.gd:258)
       [2] _update_status (res://core/world/world_door.gd:249)
       [3] _physics_process (res://core/world/world_door.gd:158)
ERROR: Not supported by this display server.
   at: keyboard_get_keycode_from_physical (servers/display/display_server.cpp:1224)
   GDScript backtrace (most recent call first):
       [0] display_name (res://core/settings/input_serializer.gd:67)
       [1] _shoot_key_name (res://core/world/world_door.gd:258)
       [2] _update_status (res://core/world/world_door.gd:249)
       [3] _physics_process (res://core/world/world_door.gd:158)
ERROR: Not supported by this display server.
   at: keyboard_get_keycode_from_physical (servers/display/display_server.cpp:1224)
   GDScript backtrace (most recent call first):
       [0] display_name (res://core/settings/input_serializer.gd:67)
       [1] _shoot_key_name (res://core/world/world_door.gd:258)
       [2] _update_status (res://core/world/world_door.gd:249)
       [3] _physics_process (res://core/world/world_door.gd:158)
ERROR: Not supported by this display server.
   at: keyboard_get_keycode_from_physical (servers/display/display_server.cpp:1224)
   GDScript backtrace (most recent call first):
       [0] display_name (res://core/settings/input_serializer.gd:67)
       [1] _shoot_key_name (res://core/world/world_door.gd:258)
       [2] _update_status (res://core/world/world_door.gd:249)
       [3] _physics_process (res://core/world/world_door.gd:158)
ERROR: Not supported by this display server.
   at: keyboard_get_keycode_from_physical (servers/display/display_server.cpp:1224)
   GDScript backtrace (most recent call first):
       [0] display_name (res://core/settings/input_serializer.gd:67)
       [1] _shoot_key_name (res://core/world/world_door.gd:258)
       [2] _update_status (res://core/world/world_door.gd:249)
       [3] _physics_process (res://core/world/world_door.gd:158)
ERROR: Not supported by this display server.
   at: keyboard_get_keycode_from_physical (servers/display/display_server.cpp:1224)
   GDScript backtrace (most recent call first):
       [0] display_name (res://core/settings/input_serializer.gd:67)
       [1] _shoot_key_name (res://core/world/world_door.gd:258)
       [2] _update_status (res://core/world/world_door.gd:249)
       [3] _physics_process (res://core/world/world_door.gd:158)
ERROR: Not supported by this display server.
   at: keyboard_get_keycode_from_physical (servers/display/display_server.cpp:1224)
   GDScript backtrace (most recent call first):
       [0] display_name (res://core/settings/input_serializer.gd:67)
       [1] _shoot_key_name (res://core/world/world_door.gd:258)
       [2] _update_status (res://core/world/world_door.gd:249)
       [3] _physics_process (res://core/world/world_door.gd:158)
ERROR: Not supported by this display server.
   at: keyboard_get_keycode_from_physical (servers/display/display_server.cpp:1224)
   GDScript backtrace (most recent call first):
       [0] display_name (res://core/settings/input_serializer.gd:67)
       [1] _shoot_key_name (res://core/world/world_door.gd:258)
       [2] _update_status (res://core/world/world_door.gd:249)
       [3] _physics_process (res://core/world/world_door.gd:158)
ERROR: Not supported by this display server.
   at: keyboard_get_keycode_from_physical (servers/display/display_server.cpp:1224)
   GDScript backtrace (most recent call first):
       [0] display_name (res://core/settings/input_serializer.gd:67)
       [1] _shoot_key_name (res://core/world/world_door.gd:258)
       [2] _update_status (res://core/world/world_door.gd:249)
       [3] _physics_process (res://core/world/world_door.gd:158)
ERROR: Not supported by this display server.
   at: keyboard_get_keycode_from_physical (servers/display/display_server.cpp:1224)
   GDScript backtrace (most recent call first):
       [0] display_name (res://core/settings/input_serializer.gd:67)
       [1] _shoot_key_name (res://core/world/world_door.gd:258)
       [2] _update_status (res://core/world/world_door.gd:249)
       [3] _physics_process (res://core/world/world_door.gd:158)
ERROR: Not supported by this display server.
   at: keyboard_get_keycode_from_physical (servers/display/display_server.cpp:1224)
   GDScript backtrace (most recent call first):
       [0] display_name (res://core/settings/input_serializer.gd:67)
       [1] _shoot_key_name (res://core/world/world_door.gd:258)
       [2] _update_status (res://core/world/world_door.gd:249)
       [3] _physics_process (res://core/world/world_door.gd:158)
ERROR: Not supported by this display server.
   at: keyboard_get_keycode_from_physical (servers/display/display_server.cpp:1224)
   GDScript backtrace (most recent call first):
       [0] display_name (res://core/settings/input_serializer.gd:67)
       [1] _shoot_key_name (res://core/world/world_door.gd:258)
       [2] _update_status (res://core/world/world_door.gd:249)
       [3] _physics_process (res://core/world/world_door.gd:158)
ERROR: Not supported by this display server.
   at: keyboard_get_keycode_from_physical (servers/display/display_server.cpp:1224)
   GDScript backtrace (most recent call first):
       [0] display_name (res://core/settings/input_serializer.gd:67)
       [1] _shoot_key_name (res://core/world/world_door.gd:258)
       [2] _update_status (res://core/world/world_door.gd:249)
       [3] _physics_process (res://core/world/world_door.gd:158)
ERROR: Not supported by this display server.
   at: keyboard_get_keycode_from_physical (servers/display/display_server.cpp:1224)
   GDScript backtrace (most recent call first):
       [0] display_name (res://core/settings/input_serializer.gd:67)
       [1] _shoot_key_name (res://core/world/world_door.gd:258)
       [2] _update_status (res://core/world/world_door.gd:249)
       [3] _physics_process (res://core/world/world_door.gd:158)
ERROR: Not supported by this display server.
   at: keyboard_get_keycode_from_physical (servers/display/display_server.cpp:1224)
   GDScript backtrace (most recent call first):
       [0] display_name (res://core/settings/input_serializer.gd:67)
       [1] _shoot_key_name (res://core/world/world_door.gd:258)
       [2] _update_status (res://core/world/world_door.gd:249)
       [3] _physics_process (res://core/world/world_door.gd:158)
ERROR: Not supported by this display server.
   at: keyboard_get_keycode_from_physical (servers/display/display_server.cpp:1224)
   GDScript backtrace (most recent call first):
       [0] display_name (res://core/settings/input_serializer.gd:67)
       [1] _shoot_key_name (res://core/world/world_door.gd:258)
       [2] _update_status (res://core/world/world_door.gd:249)
       [3] _physics_process (res://core/world/world_door.gd:158)
ERROR: Not supported by this display server.
   at: keyboard_get_keycode_from_physical (servers/display/display_server.cpp:1224)
   GDScript backtrace (most recent call first):
       [0] display_name (res://core/settings/input_serializer.gd:67)
       [1] _shoot_key_name (res://core/world/world_door.gd:258)
       [2] _update_status (res://core/world/world_door.gd:249)
       [3] _physics_process (res://core/world/world_door.gd:158)
ERROR: Not supported by this display server.
   at: keyboard_get_keycode_from_physical (servers/display/display_server.cpp:1224)
   GDScript backtrace (most recent call first):
       [0] display_name (res://core/settings/input_serializer.gd:67)
       [1] _shoot_key_name (res://core/world/world_door.gd:258)
       [2] _update_status (res://core/world/world_door.gd:249)
       [3] _physics_process (res://core/world/world_door.gd:158)
ERROR: Not supported by this display server.
   at: keyboard_get_keycode_from_physical (servers/display/display_server.cpp:1224)
   GDScript backtrace (most recent call first):
       [0] display_name (res://core/settings/input_serializer.gd:67)
       [1] _shoot_key_name (res://core/world/world_door.gd:258)
       [2] _update_status (res://core/world/world_door.gd:249)
       [3] _physics_process (res://core/world/world_door.gd:158)
ERROR: Not supported by this display server.
   at: keyboard_get_keycode_from_physical (servers/display/display_server.cpp:1224)
   GDScript backtrace (most recent call first):
       [0] display_name (res://core/settings/input_serializer.gd:67)
       [1] _shoot_key_name (res://core/world/world_door.gd:258)
       [2] _update_status (res://core/world/world_door.gd:249)
       [3] _physics_process (res://core/world/world_door.gd:158)
ERROR: Not supported by this display server.
   at: keyboard_get_keycode_from_physical (servers/display/display_server.cpp:1224)
   GDScript backtrace (most recent call first):
       [0] display_name (res://core/settings/input_serializer.gd:67)
       [1] _shoot_key_name (res://core/world/world_door.gd:258)
       [2] _update_status (res://core/world/world_door.gd:249)
       [3] _physics_process (res://core/world/world_door.gd:158)
ERROR: Not supported by this display server.
   at: keyboard_get_keycode_from_physical (servers/display/display_server.cpp:1224)
   GDScript backtrace (most recent call first):
       [0] display_name (res://core/settings/input_serializer.gd:67)
       [1] _shoot_key_name (res://core/world/world_door.gd:258)
       [2] _update_status (res://core/world/world_door.gd:249)
       [3] _physics_process (res://core/world/world_door.gd:158)
ERROR: Not supported by this display server.
   at: keyboard_get_keycode_from_physical (servers/display/display_server.cpp:1224)
   GDScript backtrace (most recent call first):
       [0] display_name (res://core/settings/input_serializer.gd:67)
       [1] _shoot_key_name (res://core/world/world_door.gd:258)
       [2] _update_status (res://core/world/world_door.gd:249)
       [3] _physics_process (res://core/world/world_door.gd:158)
ERROR: Not supported by this display server.
   at: keyboard_get_keycode_from_physical (servers/display/display_server.cpp:1224)
   GDScript backtrace (most recent call first):
       [0] display_name (res://core/settings/input_serializer.gd:67)
       [1] _shoot_key_name (res://core/world/world_door.gd:258)
       [2] _update_status (res://core/world/world_door.gd:249)
       [3] _physics_process (res://core/world/world_door.gd:158)
ERROR: Not supported by this display server.
   at: keyboard_get_keycode_from_physical (servers/display/display_server.cpp:1224)
   GDScript backtrace (most recent call first):
       [0] display_name (res://core/settings/input_serializer.gd:67)
       [1] _shoot_key_name (res://core/world/world_door.gd:258)
       [2] _update_status (res://core/world/world_door.gd:249)
       [3] _physics_process (res://core/world/world_door.gd:158)
ERROR: Not supported by this display server.
   at: keyboard_get_keycode_from_physical (servers/display/display_server.cpp:1224)
   GDScript backtrace (most recent call first):
       [0] display_name (res://core/settings/input_serializer.gd:67)
       [1] _shoot_key_name (res://core/world/world_door.gd:258)
       [2] _update_status (res://core/world/world_door.gd:249)
       [3] _physics_process (res://core/world/world_door.gd:158)
ERROR: Not supported by this display server.
   at: keyboard_get_keycode_from_physical (servers/display/display_server.cpp:1224)
   GDScript backtrace (most recent call first):
       [0] display_name (res://core/settings/input_serializer.gd:67)
       [1] _shoot_key_name (res://core/world/world_door.gd:258)
       [2] _update_status (res://core/world/world_door.gd:249)
       [3] _physics_process (res://core/world/world_door.gd:158)
ERROR: Not supported by this display server.
   at: keyboard_get_keycode_from_physical (servers/display/display_server.cpp:1224)
   GDScript backtrace (most recent call first):
       [0] display_name (res://core/settings/input_serializer.gd:67)
       [1] _shoot_key_name (res://core/world/world_door.gd:258)
       [2] _update_status (res://core/world/world_door.gd:249)
       [3] _physics_process (res://core/world/world_door.gd:158)
ERROR: Not supported by this display server.
   at: keyboard_get_keycode_from_physical (servers/display/display_server.cpp:1224)
   GDScript backtrace (most recent call first):
       [0] display_name (res://core/settings/input_serializer.gd:67)
       [1] _shoot_key_name (res://core/world/world_door.gd:258)
       [2] _update_status (res://core/world/world_door.gd:249)
       [3] _physics_process (res://core/world/world_door.gd:158)
ERROR: Not supported by this display server.
   at: keyboard_get_keycode_from_physical (servers/display/display_server.cpp:1224)
   GDScript backtrace (most recent call first):
       [0] display_name (res://core/settings/input_serializer.gd:67)
       [1] _shoot_key_name (res://core/world/world_door.gd:258)
       [2] _update_status (res://core/world/world_door.gd:249)
       [3] _physics_process (res://core/world/world_door.gd:158)
ERROR: Not supported by this display server.
   at: keyboard_get_keycode_from_physical (servers/display/display_server.cpp:1224)
   GDScript backtrace (most recent call first):
       [0] display_name (res://core/settings/input_serializer.gd:67)
       [1] _shoot_key_name (res://core/world/world_door.gd:258)
       [2] _update_status (res://core/world/world_door.gd:249)
       [3] _physics_process (res://core/world/world_door.gd:158)
ERROR: Not supported by this display server.
   at: keyboard_get_keycode_from_physical (servers/display/display_server.cpp:1224)
   GDScript backtrace (most recent call first):
       [0] display_name (res://core/settings/input_serializer.gd:67)
       [1] _shoot_key_name (res://core/world/world_door.gd:258)
       [2] _update_status (res://core/world/world_door.gd:249)
       [3] _physics_process (res://core/world/world_door.gd:158)
ERROR: Not supported by this display server.
   at: keyboard_get_keycode_from_physical (servers/display/display_server.cpp:1224)
   GDScript backtrace (most recent call first):
       [0] display_name (res://core/settings/input_serializer.gd:67)
       [1] _shoot_key_name (res://core/world/world_door.gd:258)
       [2] _update_status (res://core/world/world_door.gd:249)
       [3] _physics_process (res://core/world/world_door.gd:158)
ERROR: Not supported by this display server.
   at: keyboard_get_keycode_from_physical (servers/display/display_server.cpp:1224)
   GDScript backtrace (most recent call first):
       [0] display_name (res://core/settings/input_serializer.gd:67)
       [1] _shoot_key_name (res://core/world/world_door.gd:258)
       [2] _update_status (res://core/world/world_door.gd:249)
       [3] _physics_process (res://core/world/world_door.gd:158)
ERROR: Not supported by this display server.
   at: keyboard_get_keycode_from_physical (servers/display/display_server.cpp:1224)
   GDScript backtrace (most recent call first):
       [0] display_name (res://core/settings/input_serializer.gd:67)
       [1] _shoot_key_name (res://core/world/world_door.gd:258)
       [2] _update_status (res://core/world/world_door.gd:249)
       [3] _physics_process (res://core/world/world_door.gd:158)
ERROR: Not supported by this display server.
   at: keyboard_get_keycode_from_physical (servers/display/display_server.cpp:1224)
   GDScript backtrace (most recent call first):
       [0] display_name (res://core/settings/input_serializer.gd:67)
       [1] _shoot_key_name (res://core/world/world_door.gd:258)
       [2] _update_status (res://core/world/world_door.gd:249)
       [3] _physics_process (res://core/world/world_door.gd:158)
ERROR: Not supported by this display server.
   at: keyboard_get_keycode_from_physical (servers/display/display_server.cpp:1224)
   GDScript backtrace (most recent call first):
       [0] display_name (res://core/settings/input_serializer.gd:67)
       [1] _shoot_key_name (res://core/world/world_door.gd:258)
       [2] _update_status (res://core/world/world_door.gd:249)
       [3] _physics_process (res://core/world/world_door.gd:158)
ERROR: Not supported by this display server.
   at: keyboard_get_keycode_from_physical (servers/display/display_server.cpp:1224)
   GDScript backtrace (most recent call first):
       [0] display_name (res://core/settings/input_serializer.gd:67)
       [1] _shoot_key_name (res://core/world/world_door.gd:258)
       [2] _update_status (res://core/world/world_door.gd:249)
       [3] _physics_process (res://core/world/world_door.gd:158)
ERROR: Not supported by this display server.
   at: keyboard_get_keycode_from_physical (servers/display/display_server.cpp:1224)
   GDScript backtrace (most recent call first):
       [0] display_name (res://core/settings/input_serializer.gd:67)
       [1] _shoot_key_name (res://core/world/world_door.gd:258)
       [2] _update_status (res://core/world/world_door.gd:249)
       [3] _physics_process (res://core/world/world_door.gd:158)
ERROR: Not supported by this display server.
   at: keyboard_get_keycode_from_physical (servers/display/display_server.cpp:1224)
   GDScript backtrace (most recent call first):
       [0] display_name (res://core/settings/input_serializer.gd:67)
       [1] _shoot_key_name (res://core/world/world_door.gd:258)
       [2] _update_status (res://core/world/world_door.gd:249)
       [3] _physics_process (res://core/world/world_door.gd:158)
ERROR: Not supported by this display server.
   at: keyboard_get_keycode_from_physical (servers/display/display_server.cpp:1224)
   GDScript backtrace (most recent call first):
       [0] display_name (res://core/settings/input_serializer.gd:67)
       [1] _shoot_key_name (res://core/world/world_door.gd:258)
       [2] _update_status (res://core/world/world_door.gd:249)
       [3] _physics_process (res://core/world/world_door.gd:158)
ERROR: Not supported by this display server.
   at: keyboard_get_keycode_from_physical (servers/display/display_server.cpp:1224)
   GDScript backtrace (most recent call first):
       [0] display_name (res://core/settings/input_serializer.gd:67)
       [1] _shoot_key_name (res://core/world/world_door.gd:258)
       [2] _update_status (res://core/world/world_door.gd:249)
       [3] _physics_process (res://core/world/world_door.gd:158)
ERROR: Not supported by this display server.
   at: keyboard_get_keycode_from_physical (servers/display/display_server.cpp:1224)
   GDScript backtrace (most recent call first):
       [0] display_name (res://core/settings/input_serializer.gd:67)
       [1] _shoot_key_name (res://core/world/world_door.gd:258)
       [2] _update_status (res://core/world/world_door.gd:249)
       [3] _physics_process (res://core/world/world_door.gd:158)
ERROR: Not supported by this display server.
   at: keyboard_get_keycode_from_physical (servers/display/display_server.cpp:1224)
   GDScript backtrace (most recent call first):
       [0] display_name (res://core/settings/input_serializer.gd:67)
       [1] _shoot_key_name (res://core/world/world_door.gd:258)
       [2] _update_status (res://core/world/world_door.gd:249)
       [3] _physics_process (res://core/world/world_door.gd:158)
ERROR: Not supported by this display server.
   at: keyboard_get_keycode_from_physical (servers/display/display_server.cpp:1224)
   GDScript backtrace (most recent call first):
       [0] display_name (res://core/settings/input_serializer.gd:67)
       [1] _shoot_key_name (res://core/world/world_door.gd:258)
       [2] _update_status (res://core/world/world_door.gd:249)
       [3] _physics_process (res://core/world/world_door.gd:158)
ERROR: Not supported by this display server.
   at: keyboard_get_keycode_from_physical (servers/display/display_server.cpp:1224)
   GDScript backtrace (most recent call first):
       [0] display_name (res://core/settings/input_serializer.gd:67)
       [1] _shoot_key_name (res://core/world/world_door.gd:258)
       [2] _update_status (res://core/world/world_door.gd:249)
       [3] _physics_process (res://core/world/world_door.gd:158)
ERROR: Not supported by this display server.
   at: keyboard_get_keycode_from_physical (servers/display/display_server.cpp:1224)
   GDScript backtrace (most recent call first):
       [0] display_name (res://core/settings/input_serializer.gd:67)
       [1] _shoot_key_name (res://core/world/world_door.gd:258)
       [2] _update_status (res://core/world/world_door.gd:249)
       [3] _physics_process (res://core/world/world_door.gd:158)
ERROR: Not supported by this display server.
   at: keyboard_get_keycode_from_physical (servers/display/display_server.cpp:1224)
   GDScript backtrace (most recent call first):
       [0] display_name (res://core/settings/input_serializer.gd:67)
       [1] _shoot_key_name (res://core/world/world_door.gd:258)
       [2] _update_status (res://core/world/world_door.gd:249)
       [3] _physics_process (res://core/world/world_door.gd:158)
ERROR: Not supported by this display server.
   at: keyboard_get_keycode_from_physical (servers/display/display_server.cpp:1224)
   GDScript backtrace (most recent call first):
       [0] display_name (res://core/settings/input_serializer.gd:67)
       [1] _shoot_key_name (res://core/world/world_door.gd:258)
       [2] _update_status (res://core/world/world_door.gd:249)
       [3] _physics_process (res://core/world/world_door.gd:158)
ERROR: Not supported by this display server.
   at: keyboard_get_keycode_from_physical (servers/display/display_server.cpp:1224)
   GDScript backtrace (most recent call first):
       [0] display_name (res://core/settings/input_serializer.gd:67)
       [1] _shoot_key_name (res://core/world/world_door.gd:258)
       [2] _update_status (res://core/world/world_door.gd:249)
       [3] _physics_process (res://core/world/world_door.gd:158)
ERROR: Not supported by this display server.
   at: keyboard_get_keycode_from_physical (servers/display/display_server.cpp:1224)
   GDScript backtrace (most recent call first):
       [0] display_name (res://core/settings/input_serializer.gd:67)
       [1] _shoot_key_name (res://core/world/world_door.gd:258)
       [2] _update_status (res://core/world/world_door.gd:249)
       [3] _physics_process (res://core/world/world_door.gd:158)
ERROR: Not supported by this display server.
   at: keyboard_get_keycode_from_physical (servers/display/display_server.cpp:1224)
   GDScript backtrace (most recent call first):
       [0] display_name (res://core/settings/input_serializer.gd:67)
       [1] _shoot_key_name (res://core/world/world_door.gd:258)
       [2] _update_status (res://core/world/world_door.gd:249)
       [3] _physics_process (res://core/world/world_door.gd:158)
ERROR: Not supported by this display server.
   at: keyboard_get_keycode_from_physical (servers/display/display_server.cpp:1224)
   GDScript backtrace (most recent call first):
       [0] display_name (res://core/settings/input_serializer.gd:67)
       [1] _shoot_key_name (res://core/world/world_door.gd:258)
       [2] _update_status (res://core/world/world_door.gd:249)
       [3] _physics_process (res://core/world/world_door.gd:158)
ERROR: Not supported by this display server.
   at: keyboard_get_keycode_from_physical (servers/display/display_server.cpp:1224)
   GDScript backtrace (most recent call first):
       [0] display_name (res://core/settings/input_serializer.gd:67)
       [1] _shoot_key_name (res://core/world/world_door.gd:258)
       [2] _update_status (res://core/world/world_door.gd:249)
       [3] _physics_process (res://core/world/world_door.gd:158)
ERROR: Not supported by this display server.
   at: keyboard_get_keycode_from_physical (servers/display/display_server.cpp:1224)
   GDScript backtrace (most recent call first):
       [0] display_name (res://core/settings/input_serializer.gd:67)
       [1] _shoot_key_name (res://core/world/world_door.gd:258)
       [2] _update_status (res://core/world/world_door.gd:249)
       [3] _physics_process (res://core/world/world_door.gd:158)
ERROR: Not supported by this display server.
   at: keyboard_get_keycode_from_physical (servers/display/display_server.cpp:1224)
   GDScript backtrace (most recent call first):
       [0] display_name (res://core/settings/input_serializer.gd:67)
       [1] _shoot_key_name (res://core/world/world_door.gd:258)
       [2] _update_status (res://core/world/world_door.gd:249)
       [3] _physics_process (res://core/world/world_door.gd:158)
ERROR: Not supported by this display server.
   at: keyboard_get_keycode_from_physical (servers/display/display_server.cpp:1224)
   GDScript backtrace (most recent call first):
       [0] display_name (res://core/settings/input_serializer.gd:67)
       [1] _shoot_key_name (res://core/world/world_door.gd:258)
       [2] _update_status (res://core/world/world_door.gd:249)
       [3] _physics_process (res://core/world/world_door.gd:158)
ERROR: Not supported by this display server.
   at: keyboard_get_keycode_from_physical (servers/display/display_server.cpp:1224)
   GDScript backtrace (most recent call first):
       [0] display_name (res://core/settings/input_serializer.gd:67)
       [1] _shoot_key_name (res://core/world/world_door.gd:258)
       [2] _update_status (res://core/world/world_door.gd:249)
       [3] _physics_process (res://core/world/world_door.gd:158)
ERROR: Not supported by this display server.
   at: keyboard_get_keycode_from_physical (servers/display/display_server.cpp:1224)
   GDScript backtrace (most recent call first):
       [0] display_name (res://core/settings/input_serializer.gd:67)
       [1] _shoot_key_name (res://core/world/world_door.gd:258)
       [2] _update_status (res://core/world/world_door.gd:249)
       [3] _physics_process (res://core/world/world_door.gd:158)
ERROR: Not supported by this display server.
   at: keyboard_get_keycode_from_physical (servers/display/display_server.cpp:1224)
   GDScript backtrace (most recent call first):
       [0] display_name (res://core/settings/input_serializer.gd:67)
       [1] _shoot_key_name (res://core/world/world_door.gd:258)
       [2] _update_status (res://core/world/world_door.gd:249)
       [3] _physics_process (res://core/world/world_door.gd:158)
ERROR: Not supported by this display server.
   at: keyboard_get_keycode_from_physical (servers/display/display_server.cpp:1224)
   GDScript backtrace (most recent call first):
       [0] display_name (res://core/settings/input_serializer.gd:67)
       [1] _shoot_key_name (res://core/world/world_door.gd:258)
       [2] _update_status (res://core/world/world_door.gd:249)
       [3] _physics_process (res://core/world/world_door.gd:158)
ERROR: Not supported by this display server.
   at: keyboard_get_keycode_from_physical (servers/display/display_server.cpp:1224)
   GDScript backtrace (most recent call first):
       [0] display_name (res://core/settings/input_serializer.gd:67)
       [1] _shoot_key_name (res://core/world/world_door.gd:258)
       [2] _update_status (res://core/world/world_door.gd:249)
       [3] _physics_process (res://core/world/world_door.gd:158)
ERROR: Not supported by this display server.
   at: keyboard_get_keycode_from_physical (servers/display/display_server.cpp:1224)
   GDScript backtrace (most recent call first):
       [0] display_name (res://core/settings/input_serializer.gd:67)
       [1] _shoot_key_name (res://core/world/world_door.gd:258)
       [2] _update_status (res://core/world/world_door.gd:249)
       [3] _physics_process (res://core/world/world_door.gd:158)
ERROR: Not supported by this display server.
   at: keyboard_get_keycode_from_physical (servers/display/display_server.cpp:1224)
   GDScript backtrace (most recent call first):
       [0] display_name (res://core/settings/input_serializer.gd:67)
       [1] _shoot_key_name (res://core/world/world_door.gd:258)
       [2] _update_status (res://core/world/world_door.gd:249)
       [3] _physics_process (res://core/world/world_door.gd:158)
ERROR: Not supported by this display server.
   at: keyboard_get_keycode_from_physical (servers/display/display_server.cpp:1224)
   GDScript backtrace (most recent call first):
       [0] display_name (res://core/settings/input_serializer.gd:67)
       [1] _shoot_key_name (res://core/world/world_door.gd:258)
       [2] _update_status (res://core/world/world_door.gd:249)
       [3] _physics_process (res://core/world/world_door.gd:158)
ERROR: Not supported by this display server.
   at: keyboard_get_keycode_from_physical (servers/display/display_server.cpp:1224)
   GDScript backtrace (most recent call first):
       [0] display_name (res://core/settings/input_serializer.gd:67)
       [1] _shoot_key_name (res://core/world/world_door.gd:258)
       [2] _update_status (res://core/world/world_door.gd:249)
       [3] _physics_process (res://core/world/world_door.gd:158)
ERROR: Not supported by this display server.
   at: keyboard_get_keycode_from_physical (servers/display/display_server.cpp:1224)
   GDScript backtrace (most recent call first):
       [0] display_name (res://core/settings/input_serializer.gd:67)
       [1] _shoot_key_name (res://core/world/world_door.gd:258)
       [2] _update_status (res://core/world/world_door.gd:249)
       [3] _physics_process (res://core/world/world_door.gd:158)
ERROR: Not supported by this display server.
   at: keyboard_get_keycode_from_physical (servers/display/display_server.cpp:1224)
   GDScript backtrace (most recent call first):
       [0] display_name (res://core/settings/input_serializer.gd:67)
       [1] _shoot_key_name (res://core/world/world_door.gd:258)
       [2] _update_status (res://core/world/world_door.gd:249)
       [3] _physics_process (res://core/world/world_door.gd:158)
ERROR: Not supported by this display server.
   at: keyboard_get_keycode_from_physical (servers/display/display_server.cpp:1224)
   GDScript backtrace (most recent call first):
       [0] display_name (res://core/settings/input_serializer.gd:67)
       [1] _shoot_key_name (res://core/world/world_door.gd:258)
       [2] _update_status (res://core/world/world_door.gd:249)
       [3] _physics_process (res://core/world/world_door.gd:158)
ERROR: Not supported by this display server.
   at: keyboard_get_keycode_from_physical (servers/display/display_server.cpp:1224)
   GDScript backtrace (most recent call first):
       [0] display_name (res://core/settings/input_serializer.gd:67)
       [1] _shoot_key_name (res://core/world/world_door.gd:258)
       [2] _update_status (res://core/world/world_door.gd:249)
       [3] _physics_process (res://core/world/world_door.gd:158)
ERROR: Not supported by this display server.
   at: keyboard_get_keycode_from_physical (servers/display/display_server.cpp:1224)
   GDScript backtrace (most recent call first):
       [0] display_name (res://core/settings/input_serializer.gd:67)
       [1] _shoot_key_name (res://core/world/world_door.gd:258)
       [2] _update_status (res://core/world/world_door.gd:249)
       [3] _physics_process (res://core/world/world_door.gd:158)
ERROR: Not supported by this display server.
   at: keyboard_get_keycode_from_physical (servers/display/display_server.cpp:1224)
   GDScript backtrace (most recent call first):
       [0] display_name (res://core/settings/input_serializer.gd:67)
       [1] _shoot_key_name (res://core/world/world_door.gd:258)
       [2] _update_status (res://core/world/world_door.gd:249)
       [3] _physics_process (res://core/world/world_door.gd:158)
ERROR: Not supported by this display server.
   at: keyboard_get_keycode_from_physical (servers/display/display_server.cpp:1224)
   GDScript backtrace (most recent call first):
       [0] display_name (res://core/settings/input_serializer.gd:67)
       [1] _shoot_key_name (res://core/world/world_door.gd:258)
       [2] _update_status (res://core/world/world_door.gd:249)
       [3] _physics_process (res://core/world/world_door.gd:158)
ERROR: Not supported by this display server.
   at: keyboard_get_keycode_from_physical (servers/display/display_server.cpp:1224)
   GDScript backtrace (most recent call first):
       [0] display_name (res://core/settings/input_serializer.gd:67)
       [1] _shoot_key_name (res://core/world/world_door.gd:258)
       [2] _update_status (res://core/world/world_door.gd:249)
       [3] _physics_process (res://core/world/world_door.gd:158)
ERROR: Not supported by this display server.
   at: keyboard_get_keycode_from_physical (servers/display/display_server.cpp:1224)
   GDScript backtrace (most recent call first):
       [0] display_name (res://core/settings/input_serializer.gd:67)
       [1] _shoot_key_name (res://core/world/world_door.gd:258)
       [2] _update_status (res://core/world/world_door.gd:249)
       [3] _physics_process (res://core/world/world_door.gd:158)
ERROR: Not supported by this display server.
   at: keyboard_get_keycode_from_physical (servers/display/display_server.cpp:1224)
   GDScript backtrace (most recent call first):
       [0] display_name (res://core/settings/input_serializer.gd:67)
       [1] _shoot_key_name (res://core/world/world_door.gd:258)
       [2] _update_status (res://core/world/world_door.gd:249)
       [3] _physics_process (res://core/world/world_door.gd:158)
ERROR: Not supported by this display server.
   at: keyboard_get_keycode_from_physical (servers/display/display_server.cpp:1224)
   GDScript backtrace (most recent call first):
       [0] display_name (res://core/settings/input_serializer.gd:67)
       [1] _shoot_key_name (res://core/world/world_door.gd:258)
       [2] _update_status (res://core/world/world_door.gd:249)
       [3] _physics_process (res://core/world/world_door.gd:158)
ERROR: Not supported by this display server.
   at: keyboard_get_keycode_from_physical (servers/display/display_server.cpp:1224)
   GDScript backtrace (most recent call first):
       [0] display_name (res://core/settings/input_serializer.gd:67)
       [1] _shoot_key_name (res://core/world/world_door.gd:258)
       [2] _update_status (res://core/world/world_door.gd:249)
       [3] _physics_process (res://core/world/world_door.gd:158)
ERROR: Not supported by this display server.
   at: keyboard_get_keycode_from_physical (servers/display/display_server.cpp:1224)
   GDScript backtrace (most recent call first):
       [0] display_name (res://core/settings/input_serializer.gd:67)
       [1] _shoot_key_name (res://core/world/world_door.gd:258)
       [2] _update_status (res://core/world/world_door.gd:249)
       [3] _physics_process (res://core/world/world_door.gd:158)
ERROR: Not supported by this display server.
   at: keyboard_get_keycode_from_physical (servers/display/display_server.cpp:1224)
   GDScript backtrace (most recent call first):
       [0] display_name (res://core/settings/input_serializer.gd:67)
       [1] _shoot_key_name (res://core/world/world_door.gd:258)
       [2] _update_status (res://core/world/world_door.gd:249)
       [3] _physics_process (res://core/world/world_door.gd:158)
ERROR: Not supported by this display server.
   at: keyboard_get_keycode_from_physical (servers/display/display_server.cpp:1224)
   GDScript backtrace (most recent call first):
       [0] display_name (res://core/settings/input_serializer.gd:67)
       [1] _shoot_key_name (res://core/world/world_door.gd:258)
       [2] _update_status (res://core/world/world_door.gd:249)
       [3] _physics_process (res://core/world/world_door.gd:158)
ERROR: Not supported by this display server.
   at: keyboard_get_keycode_from_physical (servers/display/display_server.cpp:1224)
   GDScript backtrace (most recent call first):
       [0] display_name (res://core/settings/input_serializer.gd:67)
       [1] _shoot_key_name (res://core/world/world_door.gd:258)
       [2] _update_status (res://core/world/world_door.gd:249)
       [3] _physics_process (res://core/world/world_door.gd:158)
ERROR: Not supported by this display server.
   at: keyboard_get_keycode_from_physical (servers/display/display_server.cpp:1224)
   GDScript backtrace (most recent call first):
       [0] display_name (res://core/settings/input_serializer.gd:67)
       [1] _shoot_key_name (res://core/world/world_door.gd:258)
       [2] _update_status (res://core/world/world_door.gd:249)
       [3] _physics_process (res://core/world/world_door.gd:158)
ERROR: Not supported by this display server.
   at: keyboard_get_keycode_from_physical (servers/display/display_server.cpp:1224)
   GDScript backtrace (most recent call first):
       [0] display_name (res://core/settings/input_serializer.gd:67)
       [1] _shoot_key_name (res://core/world/world_door.gd:258)
       [2] _update_status (res://core/world/world_door.gd:249)
       [3] _physics_process (res://core/world/world_door.gd:158)
ERROR: Not supported by this display server.
   at: keyboard_get_keycode_from_physical (servers/display/display_server.cpp:1224)
   GDScript backtrace (most recent call first):
       [0] display_name (res://core/settings/input_serializer.gd:67)
       [1] _shoot_key_name (res://core/world/world_door.gd:258)
       [2] _update_status (res://core/world/world_door.gd:249)
       [3] _physics_process (res://core/world/world_door.gd:158)
ERROR: Not supported by this display server.
   at: keyboard_get_keycode_from_physical (servers/display/display_server.cpp:1224)
   GDScript backtrace (most recent call first):
       [0] display_name (res://core/settings/input_serializer.gd:67)
       [1] _shoot_key_name (res://core/world/world_door.gd:258)
       [2] _update_status (res://core/world/world_door.gd:249)
       [3] _physics_process (res://core/world/world_door.gd:158)
ERROR: Not supported by this display server.
   at: keyboard_get_keycode_from_physical (servers/display/display_server.cpp:1224)
   GDScript backtrace (most recent call first):
       [0] display_name (res://core/settings/input_serializer.gd:67)
       [1] _shoot_key_name (res://core/world/world_door.gd:258)
       [2] _update_status (res://core/world/world_door.gd:249)
       [3] _physics_process (res://core/world/world_door.gd:158)
ERROR: Not supported by this display server.
   at: keyboard_get_keycode_from_physical (servers/display/display_server.cpp:1224)
   GDScript backtrace (most recent call first):
       [0] display_name (res://core/settings/input_serializer.gd:67)
       [1] _shoot_key_name (res://core/world/world_door.gd:258)
       [2] _update_status (res://core/world/world_door.gd:249)
       [3] _physics_process (res://core/world/world_door.gd:158)
[client] OK   client chose the tent, both in the fight
[client] OK   both players exist
[client] OK   acrobat spawned with the host save equipment
[client] OK   client sees host cork (visual only)
[client] OK   EX from host damaged boss (1500 -> 1475)
[client] OK   EX from client damaged boss (1475 -> 1445)
[client] OK   client grand performing
[client] OK   duo declared on this PC
[client] boss after duo: 1445 -> 1045
[client] OK   duo dealt big damage
[client] OK   perfect bonus star (1.00)
[client] OK   victory screen
[client] result: { "time": 9.15000000000003, "health": 4, "max_health": 6, "parries": 0, "stars_used": 12, "score": 75.0, "grade": "A", "tickets": 4, "first_win": true, "best_grade": true, "best_time": true }
[client] OK   grade shown
[client] OK   save knows the victory (host saves, client gets a copy)
[client] OK   only the host writes the save
[client] OK   fight reloaded
[client] OK   ready again after reload
[client] OK   two players after reload
[client] OK   new fight running
[client] OK   rejoin started
[client] after rejoin: phase 2, health 300, on fire true
[client] OK   client caught up to phase 3
[client] OK   client caught up boss health
[client] OK   client became a balloon
[client] OK   client revived with 1 HP
[client] OK   both on the train
[client] OK   enemy shot by the client dies on this PC
[client] OK   ticket taken by the client is in the save
[client] OK   train finished on this PC
[client] OK   train done in the save
[client] OK   wrong box opened on this PC
[client] OK   right box hit by the client: bonus damage (15)
[client] black cards: largest extra step in one frame 8.4 px
[client] OK   black cards: network correction under 40 px in one frame (8.4 px)
[client] OK   shell game: same box and swaps on both PCs
[client] OK   card fan: same targets on both PCs, P1 P2 P1 ([0, 1, 0])
[client] OK   black cards: same turns and same path on both PCs (0.000 px)
[client] card fan for real: starting at (480.0, 1000.0), downed false, on floor true, players 2
[client] card fan for real: contacts on me { "preta": 2, "reta": 0, "rosa": 0 }, HP 10 -> 9, parries 2 (stars +2.0), popped here ["CardFan:100:13", "CardFan:100:23"], target known late by [0.101, 0.084, 0.034] s, black card extra step 11.3 px
[client] OK   client parried a pink ace with the real jump input (2)
[client] OK   one reward per popped ace on the client (2 parries, 2 popped)
[client] OK   client learned every salvo target
[client] OK   target warning reaches the client before the fan ([0.101, 0.084, 0.034] s late)
[client] left (pause menu) during the card fan (running true, 4 cards on screen); 0.5 s later at res://core/ui/main_menu.tscn, cards left 0
[client] OK   rejoin after leaving mid card fan
[client] shell game walk: 0.0 px moved in sight, hidden leak false, unwrap frames 15, right box true
[client] OK   shell game: no sliding, fully hidden, unwraps at the right box on this PC
[client] OK   client buys for itself, not for the partner
[client] OK   purchase in the save on this PC
[client] OK   partner wallet untouched
[client] FAILURES: 0
