Godot Engine v4.7.2.stable.official.ed1daf0bf - https://godotengine.org

[client] OK   join started
[client] OK   both on the map
[client] OK   two walkers in the world
ERROR: Not supported by this display server.
   at: keyboard_get_keycode_from_physical (servers/display/display_server.cpp:1224)
   GDScript backtrace (most recent call first):
       [0] display_name (res://core/settings/input_serializer.gd:67)
       [1] _shoot_key_name (res://core/world/world_door.gd:258)
       [2] _update_status (res://core/world/world_door.gd:249)
       [3] _physics_process (res://core/world/world_door.gd:158)
ERROR: Not supported by this display server.
   at: keyboard_get_keycode_from_physical (servers/display/display_server.cpp:1224)
   GDScript backtrace (most recent call first):
       [0] display_name (res://core/settings/input_serializer.gd:67)
       [1] _shoot_key_name (res://core/world/world_door.gd:258)
       [2] _update_status (res://core/world/world_door.gd:249)
       [3] _physics_process (res://core/world/world_door.gd:158)
ERROR: Not supported by this display server.
   at: keyboard_get_keycode_from_physical (servers/display/display_server.cpp:1224)
   GDScript backtrace (most recent call first):
       [0] display_name (res://core/settings/input_serializer.gd:67)
       [1] _shoot_key_name (res://core/world/world_door.gd:258)
       [2] _update_status (res://core/world/world_door.gd:249)
       [3] _physics_process (res://core/world/world_door.gd:158)
ERROR: Not supported by this display server.
   at: keyboard_get_keycode_from_physical (servers/display/display_server.cpp:1224)
   GDScript backtrace (most recent call first):
       [0] display_name (res://core/settings/input_serializer.gd:67)
       [1] _shoot_key_name (res://core/world/world_door.gd:258)
       [2] _update_status (res://core/world/world_door.gd:249)
       [3] _physics_process (res://core/world/world_door.gd:158)
ERROR: Not supported by this display server.
   at: keyboard_get_keycode_from_physical (servers/display/display_server.cpp:1224)
   GDScript backtrace (most recent call first):
       [0] display_name (res://core/settings/input_serializer.gd:67)
       [1] _shoot_key_name (res://core/world/world_door.gd:258)
       [2] _update_status (res://core/world/world_door.gd:249)
       [3] _physics_process (res://core/world/world_door.gd:158)
ERROR: Not supported by this display server.
   at: keyboard_get_keycode_from_physical (servers/display/display_server.cpp:1224)
   GDScript backtrace (most recent call first):
       [0] display_name (res://core/settings/input_serializer.gd:67)
       [1] _shoot_key_name (res://core/world/world_door.gd:258)
       [2] _update_status (res://core/world/world_door.gd:249)
       [3] _physics_process (res://core/world/world_door.gd:158)
ERROR: Not supported by this display server.
   at: keyboard_get_keycode_from_physical (servers/display/display_server.cpp:1224)
   GDScript backtrace (most recent call first):
       [0] display_name (res://core/settings/input_serializer.gd:67)
       [1] _shoot_key_name (res://core/world/world_door.gd:258)
       [2] _update_status (res://core/world/world_door.gd:249)
       [3] _physics_process (res://core/world/world_door.gd:158)
ERROR: Not supported by this display server.
   at: keyboard_get_keycode_from_physical (servers/display/display_server.cpp:1224)
   GDScript backtrace (most recent call first):
       [0] display_name (res://core/settings/input_serializer.gd:67)
       [1] _shoot_key_name (res://core/world/world_door.gd:258)
       [2] _update_status (res://core/world/world_door.gd:249)
       [3] _physics_process (res://core/world/world_door.gd:158)
ERROR: Not supported by this display server.
   at: keyboard_get_keycode_from_physical (servers/display/display_server.cpp:1224)
   GDScript backtrace (most recent call first):
       [0] display_name (res://core/settings/input_serializer.gd:67)
       [1] _shoot_key_name (res://core/world/world_door.gd:258)
       [2] _update_status (res://core/world/world_door.gd:249)
       [3] _physics_process (res://core/world/world_door.gd:158)
ERROR: Not supported by this display server.
   at: keyboard_get_keycode_from_physical (servers/display/display_server.cpp:1224)
   GDScript backtrace (most recent call first):
       [0] display_name (res://core/settings/input_serializer.gd:67)
       [1] _shoot_key_name (res://core/world/world_door.gd:258)
       [2] _update_status (res://core/world/world_door.gd:249)
       [3] _physics_process (res://core/world/world_door.gd:158)
ERROR: Not supported by this display server.
   at: keyboard_get_keycode_from_physical (servers/display/display_server.cpp:1224)
   GDScript backtrace (most recent call first):
       [0] display_name (res://core/settings/input_serializer.gd:67)
       [1] _shoot_key_name (res://core/world/world_door.gd:258)
       [2] _update_status (res://core/world/world_door.gd:249)
       [3] _physics_process (res://core/world/world_door.gd:158)
ERROR: Not supported by this display server.
   at: keyboard_get_keycode_from_physical (servers/display/display_server.cpp:1224)
   GDScript backtrace (most recent call first):
       [0] display_name (res://core/settings/input_serializer.gd:67)
       [1] _shoot_key_name (res://core/world/world_door.gd:258)
       [2] _update_status (res://core/world/world_door.gd:249)
       [3] _physics_process (res://core/world/world_door.gd:158)
ERROR: Not supported by this display server.
   at: keyboard_get_keycode_from_physical (servers/display/display_server.cpp:1224)
   GDScript backtrace (most recent call first):
       [0] display_name (res://core/settings/input_serializer.gd:67)
       [1] _shoot_key_name (res://core/world/world_door.gd:258)
       [2] _update_status (res://core/world/world_door.gd:249)
       [3] _physics_process (res://core/world/world_door.gd:158)
ERROR: Not supported by this display server.
   at: keyboard_get_keycode_from_physical (servers/display/display_server.cpp:1224)
   GDScript backtrace (most recent call first):
       [0] display_name (res://core/settings/input_serializer.gd:67)
       [1] _shoot_key_name (res://core/world/world_door.gd:258)
       [2] _update_status (res://core/world/world_door.gd:249)
       [3] _physics_process (res://core/world/world_door.gd:158)
ERROR: Not supported by this display server.
   at: keyboard_get_keycode_from_physical (servers/display/display_server.cpp:1224)
   GDScript backtrace (most recent call first):
       [0] display_name (res://core/settings/input_serializer.gd:67)
       [1] _shoot_key_name (res://core/world/world_door.gd:258)
       [2] _update_status (res://core/world/world_door.gd:249)
       [3] _physics_process (res://core/world/world_door.gd:158)
ERROR: Not supported by this display server.
   at: keyboard_get_keycode_from_physical (servers/display/display_server.cpp:1224)
   GDScript backtrace (most recent call first):
       [0] display_name (res://core/settings/input_serializer.gd:67)
       [1] _shoot_key_name (res://core/world/world_door.gd:258)
       [2] _update_status (res://core/world/world_door.gd:249)
       [3] _physics_process (res://core/world/world_door.gd:158)
ERROR: Not supported by this display server.
   at: keyboard_get_keycode_from_physical (servers/display/display_server.cpp:1224)
   GDScript backtrace (most recent call first):
       [0] display_name (res://core/settings/input_serializer.gd:67)
       [1] _shoot_key_name (res://core/world/world_door.gd:258)
       [2] _update_status (res://core/world/world_door.gd:249)
       [3] _physics_process (res://core/world/world_door.gd:158)
ERROR: Not supported by this display server.
   at: keyboard_get_keycode_from_physical (servers/display/display_server.cpp:1224)
   GDScript backtrace (most recent call first):
       [0] display_name (res://core/settings/input_serializer.gd:67)
       [1] _shoot_key_name (res://core/world/world_door.gd:258)
       [2] _update_status (res://core/world/world_door.gd:249)
       [3] _physics_process (res://core/world/world_door.gd:158)
ERROR: Not supported by this display server.
   at: keyboard_get_keycode_from_physical (servers/display/display_server.cpp:1224)
   GDScript backtrace (most recent call first):
       [0] display_name (res://core/settings/input_serializer.gd:67)
       [1] _shoot_key_name (res://core/world/world_door.gd:258)
       [2] _update_status (res://core/world/world_door.gd:249)
       [3] _physics_process (res://core/world/world_door.gd:158)
ERROR: Not supported by this display server.
   at: keyboard_get_keycode_from_physical (servers/display/display_server.cpp:1224)
   GDScript backtrace (most recent call first):
       [0] display_name (res://core/settings/input_serializer.gd:67)
       [1] _shoot_key_name (res://core/world/world_door.gd:258)
       [2] _update_status (res://core/world/world_door.gd:249)
       [3] _physics_process (res://core/world/world_door.gd:158)
ERROR: Not supported by this display server.
   at: keyboard_get_keycode_from_physical (servers/display/display_server.cpp:1224)
   GDScript backtrace (most recent call first):
       [0] display_name (res://core/settings/input_serializer.gd:67)
       [1] _shoot_key_name (res://core/world/world_door.gd:258)
       [2] _update_status (res://core/world/world_door.gd:249)
       [3] _physics_process (res://core/world/world_door.gd:158)
ERROR: Not supported by this display server.
   at: keyboard_get_keycode_from_physical (servers/display/display_server.cpp:1224)
   GDScript backtrace (most recent call first):
       [0] display_name (res://core/settings/input_serializer.gd:67)
       [1] _shoot_key_name (res://core/world/world_door.gd:258)
       [2] _update_status (res://core/world/world_door.gd:249)
       [3] _physics_process (res://core/world/world_door.gd:158)
ERROR: Not supported by this display server.
   at: keyboard_get_keycode_from_physical (servers/display/display_server.cpp:1224)
   GDScript backtrace (most recent call first):
       [0] display_name (res://core/settings/input_serializer.gd:67)
       [1] _shoot_key_name (res://core/world/world_door.gd:258)
       [2] _update_status (res://core/world/world_door.gd:249)
       [3] _physics_process (res://core/world/world_door.gd:158)
ERROR: Not supported by this display server.
   at: keyboard_get_keycode_from_physical (servers/display/display_server.cpp:1224)
   GDScript backtrace (most recent call first):
       [0] display_name (res://core/settings/input_serializer.gd:67)
       [1] _shoot_key_name (res://core/world/world_door.gd:258)
       [2] _update_status (res://core/world/world_door.gd:249)
       [3] _physics_process (res://core/world/world_door.gd:158)
ERROR: Not supported by this display server.
   at: keyboard_get_keycode_from_physical (servers/display/display_server.cpp:1224)
   GDScript backtrace (most recent call first):
       [0] display_name (res://core/settings/input_serializer.gd:67)
       [1] _shoot_key_name (res://core/world/world_door.gd:258)
       [2] _update_status (res://core/world/world_door.gd:249)
       [3] _physics_process (res://core/world/world_door.gd:158)
ERROR: Not supported by this display server.
   at: keyboard_get_keycode_from_physical (servers/display/display_server.cpp:1224)
   GDScript backtrace (most recent call first):
       [0] display_name (res://core/settings/input_serializer.gd:67)
       [1] _shoot_key_name (res://core/world/world_door.gd:258)
       [2] _update_status (res://core/world/world_door.gd:249)
       [3] _physics_process (res://core/world/world_door.gd:158)
ERROR: Not supported by this display server.
   at: keyboard_get_keycode_from_physical (servers/display/display_server.cpp:1224)
   GDScript backtrace (most recent call first):
       [0] display_name (res://core/settings/input_serializer.gd:67)
       [1] _shoot_key_name (res://core/world/world_door.gd:258)
       [2] _update_status (res://core/world/world_door.gd:249)
       [3] _physics_process (res://core/world/world_door.gd:158)
ERROR: Not supported by this display server.
   at: keyboard_get_keycode_from_physical (servers/display/display_server.cpp:1224)
   GDScript backtrace (most recent call first):
       [0] display_name (res://core/settings/input_serializer.gd:67)
       [1] _shoot_key_name (res://core/world/world_door.gd:258)
       [2] _update_status (res://core/world/world_door.gd:249)
       [3] _physics_process (res://core/world/world_door.gd:158)
ERROR: Not supported by this display server.
   at: keyboard_get_keycode_from_physical (servers/display/display_server.cpp:1224)
   GDScript backtrace (most recent call first):
       [0] display_name (res://core/settings/input_serializer.gd:67)
       [1] _shoot_key_name (res://core/world/world_door.gd:258)
       [2] _update_status (res://core/world/world_door.gd:249)
       [3] _physics_process (res://core/world/world_door.gd:158)
ERROR: Not supported by this display server.
   at: keyboard_get_keycode_from_physical (servers/display/display_server.cpp:1224)
   GDScript backtrace (most recent call first):
       [0] display_name (res://core/settings/input_serializer.gd:67)
       [1] _shoot_key_name (res://core/world/world_door.gd:258)
       [2] _update_status (res://core/world/world_door.gd:249)
       [3] _physics_process (res://core/world/world_door.gd:158)
ERROR: Not supported by this display server.
   at: keyboard_get_keycode_from_physical (servers/display/display_server.cpp:1224)
   GDScript backtrace (most recent call first):
       [0] display_name (res://core/settings/input_serializer.gd:67)
       [1] _shoot_key_name (res://core/world/world_door.gd:258)
       [2] _update_status (res://core/world/world_door.gd:249)
       [3] _physics_process (res://core/world/world_door.gd:158)
ERROR: Not supported by this display server.
   at: keyboard_get_keycode_from_physical (servers/display/display_server.cpp:1224)
   GDScript backtrace (most recent call first):
       [0] display_name (res://core/settings/input_serializer.gd:67)
       [1] _shoot_key_name (res://core/world/world_door.gd:258)
       [2] _update_status (res://core/world/world_door.gd:249)
       [3] _physics_process (res://core/world/world_door.gd:158)
ERROR: Not supported by this display server.
   at: keyboard_get_keycode_from_physical (servers/display/display_server.cpp:1224)
   GDScript backtrace (most recent call first):
       [0] display_name (res://core/settings/input_serializer.gd:67)
       [1] _shoot_key_name (res://core/world/world_door.gd:258)
       [2] _update_status (res://core/world/world_door.gd:249)
       [3] _physics_process (res://core/world/world_door.gd:158)
ERROR: Not supported by this display server.
   at: keyboard_get_keycode_from_physical (servers/display/display_server.cpp:1224)
   GDScript backtrace (most recent call first):
       [0] display_name (res://core/settings/input_serializer.gd:67)
       [1] _shoot_key_name (res://core/world/world_door.gd:258)
       [2] _update_status (res://core/world/world_door.gd:249)
       [3] _physics_process (res://core/world/world_door.gd:158)
ERROR: Not supported by this display server.
   at: keyboard_get_keycode_from_physical (servers/display/display_server.cpp:1224)
   GDScript backtrace (most recent call first):
       [0] display_name (res://core/settings/input_serializer.gd:67)
       [1] _shoot_key_name (res://core/world/world_door.gd:258)
       [2] _update_status (res://core/world/world_door.gd:249)
       [3] _physics_process (res://core/world/world_door.gd:158)
ERROR: Not supported by this display server.
   at: keyboard_get_keycode_from_physical (servers/display/display_server.cpp:1224)
   GDScript backtrace (most recent call first):
       [0] display_name (res://core/settings/input_serializer.gd:67)
       [1] _shoot_key_name (res://core/world/world_door.gd:258)
       [2] _update_status (res://core/world/world_door.gd:249)
       [3] _physics_process (res://core/world/world_door.gd:158)
ERROR: Not supported by this display server.
   at: keyboard_get_keycode_from_physical (servers/display/display_server.cpp:1224)
   GDScript backtrace (most recent call first):
       [0] display_name (res://core/settings/input_serializer.gd:67)
       [1] _shoot_key_name (res://core/world/world_door.gd:258)
       [2] _update_status (res://core/world/world_door.gd:249)
       [3] _physics_process (res://core/world/world_door.gd:158)
ERROR: Not supported by this display server.
   at: keyboard_get_keycode_from_physical (servers/display/display_server.cpp:1224)
   GDScript backtrace (most recent call first):
       [0] display_name (res://core/settings/input_serializer.gd:67)
       [1] _shoot_key_name (res://core/world/world_door.gd:258)
       [2] _update_status (res://core/world/world_door.gd:249)
       [3] _physics_process (res://core/world/world_door.gd:158)
ERROR: Not supported by this display server.
   at: keyboard_get_keycode_from_physical (servers/display/display_server.cpp:1224)
   GDScript backtrace (most recent call first):
       [0] display_name (res://core/settings/input_serializer.gd:67)
       [1] _shoot_key_name (res://core/world/world_door.gd:258)
       [2] _update_status (res://core/world/world_door.gd:249)
       [3] _physics_process (res://core/world/world_door.gd:158)
ERROR: Not supported by this display server.
   at: keyboard_get_keycode_from_physical (servers/display/display_server.cpp:1224)
   GDScript backtrace (most recent call first):
       [0] display_name (res://core/settings/input_serializer.gd:67)
       [1] _shoot_key_name (res://core/world/world_door.gd:258)
       [2] _update_status (res://core/world/world_door.gd:249)
       [3] _physics_process (res://core/world/world_door.gd:158)
ERROR: Not supported by this display server.
   at: keyboard_get_keycode_from_physical (servers/display/display_server.cpp:1224)
   GDScript backtrace (most recent call first):
       [0] display_name (res://core/settings/input_serializer.gd:67)
       [1] _shoot_key_name (res://core/world/world_door.gd:258)
       [2] _update_status (res://core/world/world_door.gd:249)
       [3] _physics_process (res://core/world/world_door.gd:158)
ERROR: Not supported by this display server.
   at: keyboard_get_keycode_from_physical (servers/display/display_server.cpp:1224)
   GDScript backtrace (most recent call first):
       [0] display_name (res://core/settings/input_serializer.gd:67)
       [1] _shoot_key_name (res://core/world/world_door.gd:258)
       [2] _update_status (res://core/world/world_door.gd:249)
       [3] _physics_process (res://core/world/world_door.gd:158)
ERROR: Not supported by this display server.
   at: keyboard_get_keycode_from_physical (servers/display/display_server.cpp:1224)
   GDScript backtrace (most recent call first):
       [0] display_name (res://core/settings/input_serializer.gd:67)
       [1] _shoot_key_name (res://core/world/world_door.gd:258)
       [2] _update_status (res://core/world/world_door.gd:249)
       [3] _physics_process (res://core/world/world_door.gd:158)
ERROR: Not supported by this display server.
   at: keyboard_get_keycode_from_physical (servers/display/display_server.cpp:1224)
   GDScript backtrace (most recent call first):
       [0] display_name (res://core/settings/input_serializer.gd:67)
       [1] _shoot_key_name (res://core/world/world_door.gd:258)
       [2] _update_status (res://core/world/world_door.gd:249)
       [3] _physics_process (res://core/world/world_door.gd:158)
ERROR: Not supported by this display server.
   at: keyboard_get_keycode_from_physical (servers/display/display_server.cpp:1224)
   GDScript backtrace (most recent call first):
       [0] display_name (res://core/settings/input_serializer.gd:67)
       [1] _shoot_key_name (res://core/world/world_door.gd:258)
       [2] _update_status (res://core/world/world_door.gd:249)
       [3] _physics_process (res://core/world/world_door.gd:158)
ERROR: Not supported by this display server.
   at: keyboard_get_keycode_from_physical (servers/display/display_server.cpp:1224)
   GDScript backtrace (most recent call first):
       [0] display_name (res://core/settings/input_serializer.gd:67)
       [1] _shoot_key_name (res://core/world/world_door.gd:258)
       [2] _update_status (res://core/world/world_door.gd:249)
       [3] _physics_process (res://core/world/world_door.gd:158)
ERROR: Not supported by this display server.
   at: keyboard_get_keycode_from_physical (servers/display/display_server.cpp:1224)
   GDScript backtrace (most recent call first):
       [0] display_name (res://core/settings/input_serializer.gd:67)
       [1] _shoot_key_name (res://core/world/world_door.gd:258)
       [2] _update_status (res://core/world/world_door.gd:249)
       [3] _physics_process (res://core/world/world_door.gd:158)
ERROR: Not supported by this display server.
   at: keyboard_get_keycode_from_physical (servers/display/display_server.cpp:1224)
   GDScript backtrace (most recent call first):
       [0] display_name (res://core/settings/input_serializer.gd:67)
       [1] _shoot_key_name (res://core/world/world_door.gd:258)
       [2] _update_status (res://core/world/world_door.gd:249)
       [3] _physics_process (res://core/world/world_door.gd:158)
ERROR: Not supported by this display server.
   at: keyboard_get_keycode_from_physical (servers/display/display_server.cpp:1224)
   GDScript backtrace (most recent call first):
       [0] display_name (res://core/settings/input_serializer.gd:67)
       [1] _shoot_key_name (res://core/world/world_door.gd:258)
       [2] _update_status (res://core/world/world_door.gd:249)
       [3] _physics_process (res://core/world/world_door.gd:158)
ERROR: Not supported by this display server.
   at: keyboard_get_keycode_from_physical (servers/display/display_server.cpp:1224)
   GDScript backtrace (most recent call first):
       [0] display_name (res://core/settings/input_serializer.gd:67)
       [1] _shoot_key_name (res://core/world/world_door.gd:258)
       [2] _update_status (res://core/world/world_door.gd:249)
       [3] _physics_process (res://core/world/world_door.gd:158)
ERROR: Not supported by this display server.
   at: keyboard_get_keycode_from_physical (servers/display/display_server.cpp:1224)
   GDScript backtrace (most recent call first):
       [0] display_name (res://core/settings/input_serializer.gd:67)
       [1] _shoot_key_name (res://core/world/world_door.gd:258)
       [2] _update_status (res://core/world/world_door.gd:249)
       [3] _physics_process (res://core/world/world_door.gd:158)
ERROR: Not supported by this display server.
   at: keyboard_get_keycode_from_physical (servers/display/display_server.cpp:1224)
   GDScript backtrace (most recent call first):
       [0] display_name (res://core/settings/input_serializer.gd:67)
       [1] _shoot_key_name (res://core/world/world_door.gd:258)
       [2] _update_status (res://core/world/world_door.gd:249)
       [3] _physics_process (res://core/world/world_door.gd:158)
ERROR: Not supported by this display server.
   at: keyboard_get_keycode_from_physical (servers/display/display_server.cpp:1224)
   GDScript backtrace (most recent call first):
       [0] display_name (res://core/settings/input_serializer.gd:67)
       [1] _shoot_key_name (res://core/world/world_door.gd:258)
       [2] _update_status (res://core/world/world_door.gd:249)
       [3] _physics_process (res://core/world/world_door.gd:158)
ERROR: Not supported by this display server.
   at: keyboard_get_keycode_from_physical (servers/display/display_server.cpp:1224)
   GDScript backtrace (most recent call first):
       [0] display_name (res://core/settings/input_serializer.gd:67)
       [1] _shoot_key_name (res://core/world/world_door.gd:258)
       [2] _update_status (res://core/world/world_door.gd:249)
       [3] _physics_process (res://core/world/world_door.gd:158)
ERROR: Not supported by this display server.
   at: keyboard_get_keycode_from_physical (servers/display/display_server.cpp:1224)
   GDScript backtrace (most recent call first):
       [0] display_name (res://core/settings/input_serializer.gd:67)
       [1] _shoot_key_name (res://core/world/world_door.gd:258)
       [2] _update_status (res://core/world/world_door.gd:249)
       [3] _physics_process (res://core/world/world_door.gd:158)
ERROR: Not supported by this display server.
   at: keyboard_get_keycode_from_physical (servers/display/display_server.cpp:1224)
   GDScript backtrace (most recent call first):
       [0] display_name (res://core/settings/input_serializer.gd:67)
       [1] _shoot_key_name (res://core/world/world_door.gd:258)
       [2] _update_status (res://core/world/world_door.gd:249)
       [3] _physics_process (res://core/world/world_door.gd:158)
ERROR: Not supported by this display server.
   at: keyboard_get_keycode_from_physical (servers/display/display_server.cpp:1224)
   GDScript backtrace (most recent call first):
       [0] display_name (res://core/settings/input_serializer.gd:67)
       [1] _shoot_key_name (res://core/world/world_door.gd:258)
       [2] _update_status (res://core/world/world_door.gd:249)
       [3] _physics_process (res://core/world/world_door.gd:158)
ERROR: Not supported by this display server.
   at: keyboard_get_keycode_from_physical (servers/display/display_server.cpp:1224)
   GDScript backtrace (most recent call first):
       [0] display_name (res://core/settings/input_serializer.gd:67)
       [1] _shoot_key_name (res://core/world/world_door.gd:258)
       [2] _update_status (res://core/world/world_door.gd:249)
       [3] _physics_process (res://core/world/world_door.gd:158)
[client] OK   alone at the tent: waits for the partner
ERROR: Not supported by this display server.
   at: keyboard_get_keycode_from_physical (servers/display/display_server.cpp:1224)
   GDScript backtrace (most recent call first):
       [0] display_name (res://core/settings/input_serializer.gd:67)
       [1] _shoot_key_name (res://core/world/world_door.gd:258)
       [2] _update_status (res://core/world/world_door.gd:249)
       [3] _physics_process (res://core/world/world_door.gd:158)
ERROR: Not supported by this display server.
   at: keyboard_get_keycode_from_physical (servers/display/display_server.cpp:1224)
   GDScript backtrace (most recent call first):
       [0] display_name (res://core/settings/input_serializer.gd:67)
       [1] _shoot_key_name (res://core/world/world_door.gd:258)
       [2] _update_status (res://core/world/world_door.gd:249)
       [3] _physics_process (res://core/world/world_door.gd:158)
ERROR: Not supported by this display server.
   at: keyboard_get_keycode_from_physical (servers/display/display_server.cpp:1224)
   GDScript backtrace (most recent call first):
       [0] display_name (res://core/settings/input_serializer.gd:67)
       [1] _shoot_key_name (res://core/world/world_door.gd:258)
       [2] _update_status (res://core/world/world_door.gd:249)
       [3] _physics_process (res://core/world/world_door.gd:158)
ERROR: Not supported by this display server.
   at: keyboard_get_keycode_from_physical (servers/display/display_server.cpp:1224)
   GDScript backtrace (most recent call first):
       [0] display_name (res://core/settings/input_serializer.gd:67)
       [1] _shoot_key_name (res://core/world/world_door.gd:258)
       [2] _update_status (res://core/world/world_door.gd:249)
       [3] _physics_process (res://core/world/world_door.gd:158)
ERROR: Not supported by this display server.
   at: keyboard_get_keycode_from_physical (servers/display/display_server.cpp:1224)
   GDScript backtrace (most recent call first):
       [0] display_name (res://core/settings/input_serializer.gd:67)
       [1] _shoot_key_name (res://core/world/world_door.gd:258)
       [2] _update_status (res://core/world/world_door.gd:249)
       [3] _physics_process (res://core/world/world_door.gd:158)
ERROR: Not supported by this display server.
   at: keyboard_get_keycode_from_physical (servers/display/display_server.cpp:1224)
   GDScript backtrace (most recent call first):
       [0] display_name (res://core/settings/input_serializer.gd:67)
       [1] _shoot_key_name (res://core/world/world_door.gd:258)
       [2] _update_status (res://core/world/world_door.gd:249)
       [3] _physics_process (res://core/world/world_door.gd:158)
ERROR: Not supported by this display server.
   at: keyboard_get_keycode_from_physical (servers/display/display_server.cpp:1224)
   GDScript backtrace (most recent call first):
       [0] display_name (res://core/settings/input_serializer.gd:67)
       [1] _shoot_key_name (res://core/world/world_door.gd:258)
       [2] _update_status (res://core/world/world_door.gd:249)
       [3] _physics_process (res://core/world/world_door.gd:158)
ERROR: Not supported by this display server.
   at: keyboard_get_keycode_from_physical (servers/display/display_server.cpp:1224)
   GDScript backtrace (most recent call first):
       [0] display_name (res://core/settings/input_serializer.gd:67)
       [1] _shoot_key_name (res://core/world/world_door.gd:258)
       [2] _update_status (res://core/world/world_door.gd:249)
       [3] _physics_process (res://core/world/world_door.gd:158)
ERROR: Not supported by this display server.
   at: keyboard_get_keycode_from_physical (servers/display/display_server.cpp:1224)
   GDScript backtrace (most recent call first):
       [0] display_name (res://core/settings/input_serializer.gd:67)
       [1] _shoot_key_name (res://core/world/world_door.gd:258)
       [2] _update_status (res://core/world/world_door.gd:249)
       [3] _physics_process (res://core/world/world_door.gd:158)
ERROR: Not supported by this display server.
   at: keyboard_get_keycode_from_physical (servers/display/display_server.cpp:1224)
   GDScript backtrace (most recent call first):
       [0] display_name (res://core/settings/input_serializer.gd:67)
       [1] _shoot_key_name (res://core/world/world_door.gd:258)
       [2] _update_status (res://core/world/world_door.gd:249)
       [3] _physics_process (res://core/world/world_door.gd:158)
ERROR: Not supported by this display server.
   at: keyboard_get_keycode_from_physical (servers/display/display_server.cpp:1224)
   GDScript backtrace (most recent call first):
       [0] display_name (res://core/settings/input_serializer.gd:67)
       [1] _shoot_key_name (res://core/world/world_door.gd:258)
       [2] _update_status (res://core/world/world_door.gd:249)
       [3] _physics_process (res://core/world/world_door.gd:158)
ERROR: Not supported by this display server.
   at: keyboard_get_keycode_from_physical (servers/display/display_server.cpp:1224)
   GDScript backtrace (most recent call first):
       [0] display_name (res://core/settings/input_serializer.gd:67)
       [1] _shoot_key_name (res://core/world/world_door.gd:258)
       [2] _update_status (res://core/world/world_door.gd:249)
       [3] _physics_process (res://core/world/world_door.gd:158)
ERROR: Not supported by this display server.
   at: keyboard_get_keycode_from_physical (servers/display/display_server.cpp:1224)
   GDScript backtrace (most recent call first):
       [0] display_name (res://core/settings/input_serializer.gd:67)
       [1] _shoot_key_name (res://core/world/world_door.gd:258)
       [2] _update_status (res://core/world/world_door.gd:249)
       [3] _physics_process (res://core/world/world_door.gd:158)
ERROR: Not supported by this display server.
   at: keyboard_get_keycode_from_physical (servers/display/display_server.cpp:1224)
   GDScript backtrace (most recent call first):
       [0] display_name (res://core/settings/input_serializer.gd:67)
       [1] _shoot_key_name (res://core/world/world_door.gd:258)
       [2] _update_status (res://core/world/world_door.gd:249)
       [3] _physics_process (res://core/world/world_door.gd:158)
ERROR: Not supported by this display server.
   at: keyboard_get_keycode_from_physical (servers/display/display_server.cpp:1224)
   GDScript backtrace (most recent call first):
       [0] display_name (res://core/settings/input_serializer.gd:67)
       [1] _shoot_key_name (res://core/world/world_door.gd:258)
       [2] _update_status (res://core/world/world_door.gd:249)
       [3] _physics_process (res://core/world/world_door.gd:158)
ERROR: Not supported by this display server.
   at: keyboard_get_keycode_from_physical (servers/display/display_server.cpp:1224)
   GDScript backtrace (most recent call first):
       [0] display_name (res://core/settings/input_serializer.gd:67)
       [1] _shoot_key_name (res://core/world/world_door.gd:258)
       [2] _update_status (res://core/world/world_door.gd:249)
       [3] _physics_process (res://core/world/world_door.gd:158)
ERROR: Not supported by this display server.
   at: keyboard_get_keycode_from_physical (servers/display/display_server.cpp:1224)
   GDScript backtrace (most recent call first):
       [0] display_name (res://core/settings/input_serializer.gd:67)
       [1] _shoot_key_name (res://core/world/world_door.gd:258)
       [2] _update_status (res://core/world/world_door.gd:249)
       [3] _physics_process (res://core/world/world_door.gd:158)
ERROR: Not supported by this display server.
   at: keyboard_get_keycode_from_physical (servers/display/display_server.cpp:1224)
   GDScript backtrace (most recent call first):
       [0] display_name (res://core/settings/input_serializer.gd:67)
       [1] _shoot_key_name (res://core/world/world_door.gd:258)
       [2] _update_status (res://core/world/world_door.gd:249)
       [3] _physics_process (res://core/world/world_door.gd:158)
ERROR: Not supported by this display server.
   at: keyboard_get_keycode_from_physical (servers/display/display_server.cpp:1224)
   GDScript backtrace (most recent call first):
       [0] display_name (res://core/settings/input_serializer.gd:67)
       [1] _shoot_key_name (res://core/world/world_door.gd:258)
       [2] _update_status (res://core/world/world_door.gd:249)
       [3] _physics_process (res://core/world/world_door.gd:158)
ERROR: Not supported by this display server.
   at: keyboard_get_keycode_from_physical (servers/display/display_server.cpp:1224)
   GDScript backtrace (most recent call first):
       [0] display_name (res://core/settings/input_serializer.gd:67)
       [1] _shoot_key_name (res://core/world/world_door.gd:258)
       [2] _update_status (res://core/world/world_door.gd:249)
       [3] _physics_process (res://core/world/world_door.gd:158)
ERROR: Not supported by this display server.
   at: keyboard_get_keycode_from_physical (servers/display/display_server.cpp:1224)
   GDScript backtrace (most recent call first):
       [0] display_name (res://core/settings/input_serializer.gd:67)
       [1] _shoot_key_name (res://core/world/world_door.gd:258)
       [2] _update_status (res://core/world/world_door.gd:249)
       [3] _physics_process (res://core/world/world_door.gd:158)
ERROR: Not supported by this display server.
   at: keyboard_get_keycode_from_physical (servers/display/display_server.cpp:1224)
   GDScript backtrace (most recent call first):
       [0] display_name (res://core/settings/input_serializer.gd:67)
       [1] _shoot_key_name (res://core/world/world_door.gd:258)
       [2] _update_status (res://core/world/world_door.gd:249)
       [3] _physics_process (res://core/world/world_door.gd:158)
ERROR: Not supported by this display server.
   at: keyboard_get_keycode_from_physical (servers/display/display_server.cpp:1224)
   GDScript backtrace (most recent call first):
       [0] display_name (res://core/settings/input_serializer.gd:67)
       [1] _shoot_key_name (res://core/world/world_door.gd:258)
       [2] _update_status (res://core/world/world_door.gd:249)
       [3] _physics_process (res://core/world/world_door.gd:158)
ERROR: Not supported by this display server.
   at: keyboard_get_keycode_from_physical (servers/display/display_server.cpp:1224)
   GDScript backtrace (most recent call first):
       [0] display_name (res://core/settings/input_serializer.gd:67)
       [1] _shoot_key_name (res://core/world/world_door.gd:258)
       [2] _update_status (res://core/world/world_door.gd:249)
       [3] _physics_process (res://core/world/world_door.gd:158)
ERROR: Not supported by this display server.
   at: keyboard_get_keycode_from_physical (servers/display/display_server.cpp:1224)
   GDScript backtrace (most recent call first):
       [0] display_name (res://core/settings/input_serializer.gd:67)
       [1] _shoot_key_name (res://core/world/world_door.gd:258)
       [2] _update_status (res://core/world/world_door.gd:249)
       [3] _physics_process (res://core/world/world_door.gd:158)
ERROR: Not supported by this display server.
   at: keyboard_get_keycode_from_physical (servers/display/display_server.cpp:1224)
   GDScript backtrace (most recent call first):
       [0] display_name (res://core/settings/input_serializer.gd:67)
       [1] _shoot_key_name (res://core/world/world_door.gd:258)
       [2] _update_status (res://core/world/world_door.gd:249)
       [3] _physics_process (res://core/world/world_door.gd:158)
ERROR: Not supported by this display server.
   at: keyboard_get_keycode_from_physical (servers/display/display_server.cpp:1224)
   GDScript backtrace (most recent call first):
       [0] display_name (res://core/settings/input_serializer.gd:67)
       [1] _shoot_key_name (res://core/world/world_door.gd:258)
       [2] _update_status (res://core/world/world_door.gd:249)
       [3] _physics_process (res://core/world/world_door.gd:158)
ERROR: Not supported by this display server.
   at: keyboard_get_keycode_from_physical (servers/display/display_server.cpp:1224)
   GDScript backtrace (most recent call first):
       [0] display_name (res://core/settings/input_serializer.gd:67)
       [1] _shoot_key_name (res://core/world/world_door.gd:258)
       [2] _update_status (res://core/world/world_door.gd:249)
       [3] _physics_process (res://core/world/world_door.gd:158)
ERROR: Not supported by this display server.
   at: keyboard_get_keycode_from_physical (servers/display/display_server.cpp:1224)
   GDScript backtrace (most recent call first):
       [0] display_name (res://core/settings/input_serializer.gd:67)
       [1] _shoot_key_name (res://core/world/world_door.gd:258)
       [2] _update_status (res://core/world/world_door.gd:249)
       [3] _physics_process (res://core/world/world_door.gd:158)
ERROR: Not supported by this display server.
   at: keyboard_get_keycode_from_physical (servers/display/display_server.cpp:1224)
   GDScript backtrace (most recent call first):
       [0] display_name (res://core/settings/input_serializer.gd:67)
       [1] _shoot_key_name (res://core/world/world_door.gd:258)
       [2] _update_status (res://core/world/world_door.gd:249)
       [3] _physics_process (res://core/world/world_door.gd:158)
ERROR: Not supported by this display server.
   at: keyboard_get_keycode_from_physical (servers/display/display_server.cpp:1224)
   GDScript backtrace (most recent call first):
       [0] display_name (res://core/settings/input_serializer.gd:67)
       [1] _shoot_key_name (res://core/world/world_door.gd:258)
       [2] _update_status (res://core/world/world_door.gd:249)
       [3] _physics_process (res://core/world/world_door.gd:158)
ERROR: Not supported by this display server.
   at: keyboard_get_keycode_from_physical (servers/display/display_server.cpp:1224)
   GDScript backtrace (most recent call first):
       [0] display_name (res://core/settings/input_serializer.gd:67)
       [1] _shoot_key_name (res://core/world/world_door.gd:258)
       [2] _update_status (res://core/world/world_door.gd:249)
       [3] _physics_process (res://core/world/world_door.gd:158)
ERROR: Not supported by this display server.
   at: keyboard_get_keycode_from_physical (servers/display/display_server.cpp:1224)
   GDScript backtrace (most recent call first):
       [0] display_name (res://core/settings/input_serializer.gd:67)
       [1] _shoot_key_name (res://core/world/world_door.gd:258)
       [2] _update_status (res://core/world/world_door.gd:249)
       [3] _physics_process (res://core/world/world_door.gd:158)
ERROR: Not supported by this display server.
   at: keyboard_get_keycode_from_physical (servers/display/display_server.cpp:1224)
   GDScript backtrace (most recent call first):
       [0] display_name (res://core/settings/input_serializer.gd:67)
       [1] _shoot_key_name (res://core/world/world_door.gd:258)
       [2] _update_status (res://core/world/world_door.gd:249)
       [3] _physics_process (res://core/world/world_door.gd:158)
ERROR: Not supported by this display server.
   at: keyboard_get_keycode_from_physical (servers/display/display_server.cpp:1224)
   GDScript backtrace (most recent call first):
       [0] display_name (res://core/settings/input_serializer.gd:67)
       [1] _shoot_key_name (res://core/world/world_door.gd:258)
       [2] _update_status (res://core/world/world_door.gd:249)
       [3] _physics_process (res://core/world/world_door.gd:158)
ERROR: Not supported by this display server.
   at: keyboard_get_keycode_from_physical (servers/display/display_server.cpp:1224)
   GDScript backtrace (most recent call first):
       [0] display_name (res://core/settings/input_serializer.gd:67)
       [1] _shoot_key_name (res://core/world/world_door.gd:258)
       [2] _update_status (res://core/world/world_door.gd:249)
       [3] _physics_process (res://core/world/world_door.gd:158)
ERROR: Not supported by this display server.
   at: keyboard_get_keycode_from_physical (servers/display/display_server.cpp:1224)
   GDScript backtrace (most recent call first):
       [0] display_name (res://core/settings/input_serializer.gd:67)
       [1] _shoot_key_name (res://core/world/world_door.gd:258)
       [2] _update_status (res://core/world/world_door.gd:249)
       [3] _physics_process (res://core/world/world_door.gd:158)
ERROR: Not supported by this display server.
   at: keyboard_get_keycode_from_physical (servers/display/display_server.cpp:1224)
   GDScript backtrace (most recent call first):
       [0] display_name (res://core/settings/input_serializer.gd:67)
       [1] _shoot_key_name (res://core/world/world_door.gd:258)
       [2] _update_status (res://core/world/world_door.gd:249)
       [3] _physics_process (res://core/world/world_door.gd:158)
ERROR: Not supported by this display server.
   at: keyboard_get_keycode_from_physical (servers/display/display_server.cpp:1224)
   GDScript backtrace (most recent call first):
       [0] display_name (res://core/settings/input_serializer.gd:67)
       [1] _shoot_key_name (res://core/world/world_door.gd:258)
       [2] _update_status (res://core/world/world_door.gd:249)
       [3] _physics_process (res://core/world/world_door.gd:158)
ERROR: Not supported by this display server.
   at: keyboard_get_keycode_from_physical (servers/display/display_server.cpp:1224)
   GDScript backtrace (most recent call first):
       [0] display_name (res://core/settings/input_serializer.gd:67)
       [1] _shoot_key_name (res://core/world/world_door.gd:258)
       [2] _update_status (res://core/world/world_door.gd:249)
       [3] _physics_process (res://core/world/world_door.gd:158)
ERROR: Not supported by this display server.
   at: keyboard_get_keycode_from_physical (servers/display/display_server.cpp:1224)
   GDScript backtrace (most recent call first):
       [0] display_name (res://core/settings/input_serializer.gd:67)
       [1] _shoot_key_name (res://core/world/world_door.gd:258)
       [2] _update_status (res://core/world/world_door.gd:249)
       [3] _physics_process (res://core/world/world_door.gd:158)
ERROR: Not supported by this display server.
   at: keyboard_get_keycode_from_physical (servers/display/display_server.cpp:1224)
   GDScript backtrace (most recent call first):
       [0] display_name (res://core/settings/input_serializer.gd:67)
       [1] _shoot_key_name (res://core/world/world_door.gd:258)
       [2] _update_status (res://core/world/world_door.gd:249)
       [3] _physics_process (res://core/world/world_door.gd:158)
ERROR: Not supported by this display server.
   at: keyboard_get_keycode_from_physical (servers/display/display_server.cpp:1224)
   GDScript backtrace (most recent call first):
       [0] display_name (res://core/settings/input_serializer.gd:67)
       [1] _shoot_key_name (res://core/world/world_door.gd:258)
       [2] _update_status (res://core/world/world_door.gd:249)
       [3] _physics_process (res://core/world/world_door.gd:158)
ERROR: Not supported by this display server.
   at: keyboard_get_keycode_from_physical (servers/display/display_server.cpp:1224)
   GDScript backtrace (most recent call first):
       [0] display_name (res://core/settings/input_serializer.gd:67)
       [1] _shoot_key_name (res://core/world/world_door.gd:258)
       [2] _update_status (res://core/world/world_door.gd:249)
       [3] _physics_process (res://core/world/world_door.gd:158)
ERROR: Not supported by this display server.
   at: keyboard_get_keycode_from_physical (servers/display/display_server.cpp:1224)
   GDScript backtrace (most recent call first):
       [0] display_name (res://core/settings/input_serializer.gd:67)
       [1] _shoot_key_name (res://core/world/world_door.gd:258)
       [2] _update_status (res://core/world/world_door.gd:249)
       [3] _physics_process (res://core/world/world_door.gd:158)
ERROR: Not supported by this display server.
   at: keyboard_get_keycode_from_physical (servers/display/display_server.cpp:1224)
   GDScript backtrace (most recent call first):
       [0] display_name (res://core/settings/input_serializer.gd:67)
       [1] _shoot_key_name (res://core/world/world_door.gd:258)
       [2] _update_status (res://core/world/world_door.gd:249)
       [3] _physics_process (res://core/world/world_door.gd:158)
ERROR: Not supported by this display server.
   at: keyboard_get_keycode_from_physical (servers/display/display_server.cpp:1224)
   GDScript backtrace (most recent call first):
       [0] display_name (res://core/settings/input_serializer.gd:67)
       [1] _shoot_key_name (res://core/world/world_door.gd:258)
       [2] _update_status (res://core/world/world_door.gd:249)
       [3] _physics_process (res://core/world/world_door.gd:158)
ERROR: Not supported by this display server.
   at: keyboard_get_keycode_from_physical (servers/display/display_server.cpp:1224)
   GDScript backtrace (most recent call first):
       [0] display_name (res://core/settings/input_serializer.gd:67)
       [1] _shoot_key_name (res://core/world/world_door.gd:258)
       [2] _update_status (res://core/world/world_door.gd:249)
       [3] _physics_process (res://core/world/world_door.gd:158)
ERROR: Not supported by this display server.
   at: keyboard_get_keycode_from_physical (servers/display/display_server.cpp:1224)
   GDScript backtrace (most recent call first):
       [0] display_name (res://core/settings/input_serializer.gd:67)
       [1] _shoot_key_name (res://core/world/world_door.gd:258)
       [2] _update_status (res://core/world/world_door.gd:249)
       [3] _physics_process (res://core/world/world_door.gd:158)
ERROR: Not supported by this display server.
   at: keyboard_get_keycode_from_physical (servers/display/display_server.cpp:1224)
   GDScript backtrace (most recent call first):
       [0] display_name (res://core/settings/input_serializer.gd:67)
       [1] _shoot_key_name (res://core/world/world_door.gd:258)
       [2] _update_status (res://core/world/world_door.gd:249)
       [3] _physics_process (res://core/world/world_door.gd:158)
ERROR: Not supported by this display server.
   at: keyboard_get_keycode_from_physical (servers/display/display_server.cpp:1224)
   GDScript backtrace (most recent call first):
       [0] display_name (res://core/settings/input_serializer.gd:67)
       [1] _shoot_key_name (res://core/world/world_door.gd:258)
       [2] _update_status (res://core/world/world_door.gd:249)
       [3] _physics_process (res://core/world/world_door.gd:158)
ERROR: Not supported by this display server.
   at: keyboard_get_keycode_from_physical (servers/display/display_server.cpp:1224)
   GDScript backtrace (most recent call first):
       [0] display_name (res://core/settings/input_serializer.gd:67)
       [1] _shoot_key_name (res://core/world/world_door.gd:258)
       [2] _update_status (res://core/world/world_door.gd:249)
       [3] _physics_process (res://core/world/world_door.gd:158)
ERROR: Not supported by this display server.
   at: keyboard_get_keycode_from_physical (servers/display/display_server.cpp:1224)
   GDScript backtrace (most recent call first):
       [0] display_name (res://core/settings/input_serializer.gd:67)
       [1] _shoot_key_name (res://core/world/world_door.gd:258)
       [2] _update_status (res://core/world/world_door.gd:249)
       [3] _physics_process (res://core/world/world_door.gd:158)
ERROR: Not supported by this display server.
   at: keyboard_get_keycode_from_physical (servers/display/display_server.cpp:1224)
   GDScript backtrace (most recent call first):
       [0] display_name (res://core/settings/input_serializer.gd:67)
       [1] _shoot_key_name (res://core/world/world_door.gd:258)
       [2] _update_status (res://core/world/world_door.gd:249)
       [3] _physics_process (res://core/world/world_door.gd:158)
ERROR: Not supported by this display server.
   at: keyboard_get_keycode_from_physical (servers/display/display_server.cpp:1224)
   GDScript backtrace (most recent call first):
       [0] display_name (res://core/settings/input_serializer.gd:67)
       [1] _shoot_key_name (res://core/world/world_door.gd:258)
       [2] _update_status (res://core/world/world_door.gd:249)
       [3] _physics_process (res://core/world/world_door.gd:158)
ERROR: Not supported by this display server.
   at: keyboard_get_keycode_from_physical (servers/display/display_server.cpp:1224)
   GDScript backtrace (most recent call first):
       [0] display_name (res://core/settings/input_serializer.gd:67)
       [1] _shoot_key_name (res://core/world/world_door.gd:258)
       [2] _update_status (res://core/world/world_door.gd:249)
       [3] _physics_process (res://core/world/world_door.gd:158)
ERROR: Not supported by this display server.
   at: keyboard_get_keycode_from_physical (servers/display/display_server.cpp:1224)
   GDScript backtrace (most recent call first):
       [0] display_name (res://core/settings/input_serializer.gd:67)
       [1] _shoot_key_name (res://core/world/world_door.gd:258)
       [2] _update_status (res://core/world/world_door.gd:249)
       [3] _physics_process (res://core/world/world_door.gd:158)
ERROR: Not supported by this display server.
   at: keyboard_get_keycode_from_physical (servers/display/display_server.cpp:1224)
   GDScript backtrace (most recent call first):
       [0] display_name (res://core/settings/input_serializer.gd:67)
       [1] _shoot_key_name (res://core/world/world_door.gd:258)
       [2] _update_status (res://core/world/world_door.gd:249)
       [3] _physics_process (res://core/world/world_door.gd:158)
ERROR: Not supported by this display server.
   at: keyboard_get_keycode_from_physical (servers/display/display_server.cpp:1224)
   GDScript backtrace (most recent call first):
       [0] display_name (res://core/settings/input_serializer.gd:67)
       [1] _shoot_key_name (res://core/world/world_door.gd:258)
       [2] _update_status (res://core/world/world_door.gd:249)
       [3] _physics_process (res://core/world/world_door.gd:158)
ERROR: Not supported by this display server.
   at: keyboard_get_keycode_from_physical (servers/display/display_server.cpp:1224)
   GDScript backtrace (most recent call first):
       [0] display_name (res://core/settings/input_serializer.gd:67)
       [1] _shoot_key_name (res://core/world/world_door.gd:258)
       [2] _update_status (res://core/world/world_door.gd:249)
       [3] _physics_process (res://core/world/world_door.gd:158)
ERROR: Not supported by this display server.
   at: keyboard_get_keycode_from_physical (servers/display/display_server.cpp:1224)
   GDScript backtrace (most recent call first):
       [0] display_name (res://core/settings/input_serializer.gd:67)
       [1] _shoot_key_name (res://core/world/world_door.gd:258)
       [2] _update_status (res://core/world/world_door.gd:249)
       [3] _physics_process (res://core/world/world_door.gd:158)
ERROR: Not supported by this display server.
   at: keyboard_get_keycode_from_physical (servers/display/display_server.cpp:1224)
   GDScript backtrace (most recent call first):
       [0] display_name (res://core/settings/input_serializer.gd:67)
       [1] _shoot_key_name (res://core/world/world_door.gd:258)
       [2] _update_status (res://core/world/world_door.gd:249)
       [3] _physics_process (res://core/world/world_door.gd:158)
ERROR: Not supported by this display server.
   at: keyboard_get_keycode_from_physical (servers/display/display_server.cpp:1224)
   GDScript backtrace (most recent call first):
       [0] display_name (res://core/settings/input_serializer.gd:67)
       [1] _shoot_key_name (res://core/world/world_door.gd:258)
       [2] _update_status (res://core/world/world_door.gd:249)
       [3] _physics_process (res://core/world/world_door.gd:158)
ERROR: Not supported by this display server.
   at: keyboard_get_keycode_from_physical (servers/display/display_server.cpp:1224)
   GDScript backtrace (most recent call first):
       [0] display_name (res://core/settings/input_serializer.gd:67)
       [1] _shoot_key_name (res://core/world/world_door.gd:258)
       [2] _update_status (res://core/world/world_door.gd:249)
       [3] _physics_process (res://core/world/world_door.gd:158)
ERROR: Not supported by this display server.
   at: keyboard_get_keycode_from_physical (servers/display/display_server.cpp:1224)
   GDScript backtrace (most recent call first):
       [0] display_name (res://core/settings/input_serializer.gd:67)
       [1] _shoot_key_name (res://core/world/world_door.gd:258)
       [2] _update_status (res://core/world/world_door.gd:249)
       [3] _physics_process (res://core/world/world_door.gd:158)
ERROR: Not supported by this display server.
   at: keyboard_get_keycode_from_physical (servers/display/display_server.cpp:1224)
   GDScript backtrace (most recent call first):
       [0] display_name (res://core/settings/input_serializer.gd:67)
       [1] _shoot_key_name (res://core/world/world_door.gd:258)
       [2] _update_status (res://core/world/world_door.gd:249)
       [3] _physics_process (res://core/world/world_door.gd:158)
ERROR: Not supported by this display server.
   at: keyboard_get_keycode_from_physical (servers/display/display_server.cpp:1224)
   GDScript backtrace (most recent call first):
       [0] display_name (res://core/settings/input_serializer.gd:67)
       [1] _shoot_key_name (res://core/world/world_door.gd:258)
       [2] _update_status (res://core/world/world_door.gd:249)
       [3] _physics_process (res://core/world/world_door.gd:158)
ERROR: Not supported by this display server.
   at: keyboard_get_keycode_from_physical (servers/display/display_server.cpp:1224)
   GDScript backtrace (most recent call first):
       [0] display_name (res://core/settings/input_serializer.gd:67)
       [1] _shoot_key_name (res://core/world/world_door.gd:258)
       [2] _update_status (res://core/world/world_door.gd:249)
       [3] _physics_process (res://core/world/world_door.gd:158)
ERROR: Not supported by this display server.
   at: keyboard_get_keycode_from_physical (servers/display/display_server.cpp:1224)
   GDScript backtrace (most recent call first):
       [0] display_name (res://core/settings/input_serializer.gd:67)
       [1] _shoot_key_name (res://core/world/world_door.gd:258)
       [2] _update_status (res://core/world/world_door.gd:249)
       [3] _physics_process (res://core/world/world_door.gd:158)
ERROR: Not supported by this display server.
   at: keyboard_get_keycode_from_physical (servers/display/display_server.cpp:1224)
   GDScript backtrace (most recent call first):
       [0] display_name (res://core/settings/input_serializer.gd:67)
       [1] _shoot_key_name (res://core/world/world_door.gd:258)
       [2] _update_status (res://core/world/world_door.gd:249)
       [3] _physics_process (res://core/world/world_door.gd:158)
ERROR: Not supported by this display server.
   at: keyboard_get_keycode_from_physical (servers/display/display_server.cpp:1224)
   GDScript backtrace (most recent call first):
       [0] display_name (res://core/settings/input_serializer.gd:67)
       [1] _shoot_key_name (res://core/world/world_door.gd:258)
       [2] _update_status (res://core/world/world_door.gd:249)
       [3] _physics_process (res://core/world/world_door.gd:158)
ERROR: Not supported by this display server.
   at: keyboard_get_keycode_from_physical (servers/display/display_server.cpp:1224)
   GDScript backtrace (most recent call first):
       [0] display_name (res://core/settings/input_serializer.gd:67)
       [1] _shoot_key_name (res://core/world/world_door.gd:258)
       [2] _update_status (res://core/world/world_door.gd:249)
       [3] _physics_process (res://core/world/world_door.gd:158)
ERROR: Not supported by this display server.
   at: keyboard_get_keycode_from_physical (servers/display/display_server.cpp:1224)
   GDScript backtrace (most recent call first):
       [0] display_name (res://core/settings/input_serializer.gd:67)
       [1] _shoot_key_name (res://core/world/world_door.gd:258)
       [2] _update_status (res://core/world/world_door.gd:249)
       [3] _physics_process (res://core/world/world_door.gd:158)
ERROR: Not supported by this display server.
   at: keyboard_get_keycode_from_physical (servers/display/display_server.cpp:1224)
   GDScript backtrace (most recent call first):
       [0] display_name (res://core/settings/input_serializer.gd:67)
       [1] _shoot_key_name (res://core/world/world_door.gd:258)
       [2] _update_status (res://core/world/world_door.gd:249)
       [3] _physics_process (res://core/world/world_door.gd:158)
ERROR: Not supported by this display server.
   at: keyboard_get_keycode_from_physical (servers/display/display_server.cpp:1224)
   GDScript backtrace (most recent call first):
       [0] display_name (res://core/settings/input_serializer.gd:67)
       [1] _shoot_key_name (res://core/world/world_door.gd:258)
       [2] _update_status (res://core/world/world_door.gd:249)
       [3] _physics_process (res://core/world/world_door.gd:158)
ERROR: Not supported by this display server.
   at: keyboard_get_keycode_from_physical (servers/display/display_server.cpp:1224)
   GDScript backtrace (most recent call first):
       [0] display_name (res://core/settings/input_serializer.gd:67)
       [1] _shoot_key_name (res://core/world/world_door.gd:258)
       [2] _update_status (res://core/world/world_door.gd:249)
       [3] _physics_process (res://core/world/world_door.gd:158)
ERROR: Not supported by this display server.
   at: keyboard_get_keycode_from_physical (servers/display/display_server.cpp:1224)
   GDScript backtrace (most recent call first):
       [0] display_name (res://core/settings/input_serializer.gd:67)
       [1] _shoot_key_name (res://core/world/world_door.gd:258)
       [2] _update_status (res://core/world/world_door.gd:249)
       [3] _physics_process (res://core/world/world_door.gd:158)
ERROR: Not supported by this display server.
   at: keyboard_get_keycode_from_physical (servers/display/display_server.cpp:1224)
   GDScript backtrace (most recent call first):
       [0] display_name (res://core/settings/input_serializer.gd:67)
       [1] _shoot_key_name (res://core/world/world_door.gd:258)
       [2] _update_status (res://core/world/world_door.gd:249)
       [3] _physics_process (res://core/world/world_door.gd:158)
ERROR: Not supported by this display server.
   at: keyboard_get_keycode_from_physical (servers/display/display_server.cpp:1224)
   GDScript backtrace (most recent call first):
       [0] display_name (res://core/settings/input_serializer.gd:67)
       [1] _shoot_key_name (res://core/world/world_door.gd:258)
       [2] _update_status (res://core/world/world_door.gd:249)
       [3] _physics_process (res://core/world/world_door.gd:158)
ERROR: Not supported by this display server.
   at: keyboard_get_keycode_from_physical (servers/display/display_server.cpp:1224)
   GDScript backtrace (most recent call first):
       [0] display_name (res://core/settings/input_serializer.gd:67)
       [1] _shoot_key_name (res://core/world/world_door.gd:258)
       [2] _update_status (res://core/world/world_door.gd:249)
       [3] _physics_process (res://core/world/world_door.gd:158)
ERROR: Not supported by this display server.
   at: keyboard_get_keycode_from_physical (servers/display/display_server.cpp:1224)
   GDScript backtrace (most recent call first):
       [0] display_name (res://core/settings/input_serializer.gd:67)
       [1] _shoot_key_name (res://core/world/world_door.gd:258)
       [2] _update_status (res://core/world/world_door.gd:249)
       [3] _physics_process (res://core/world/world_door.gd:158)
ERROR: Not supported by this display server.
   at: keyboard_get_keycode_from_physical (servers/display/display_server.cpp:1224)
   GDScript backtrace (most recent call first):
       [0] display_name (res://core/settings/input_serializer.gd:67)
       [1] _shoot_key_name (res://core/world/world_door.gd:258)
       [2] _update_status (res://core/world/world_door.gd:249)
       [3] _physics_process (res://core/world/world_door.gd:158)
[client] OK   client chose the tent, both in the fight
[client] OK   both players exist
[client] OK   acrobat spawned with the host save equipment
[client] OK   client sees host cork (visual only)
[client] OK   EX from host damaged boss (1500 -> 1475)
[client] OK   EX from client damaged boss (1475 -> 1445)
[client] OK   client grand performing
[client] OK   duo declared on this PC
[client] boss after duo: 1445 -> 1045
[client] OK   duo dealt big damage
[client] OK   perfect bonus star (1.00)
[client] OK   victory screen
[client] result: { "time": 9.25000000000004, "health": 4, "max_health": 6, "parries": 0, "stars_used": 12, "score": 75.0, "grade": "A", "tickets": 4, "first_win": true, "best_grade": true, "best_time": true }
[client] OK   grade shown
[client] OK   save knows the victory (host saves, client gets a copy)
[client] OK   only the host writes the save
[client] OK   fight reloaded
[client] OK   ready again after reload
[client] OK   two players after reload
[client] OK   new fight running
[client] OK   rejoin started
[client] after rejoin: phase 2, health 300, on fire true
[client] OK   client caught up to phase 3
[client] OK   client caught up boss health
[client] OK   client became a balloon
[client] OK   client revived with 1 HP
[client] OK   both on the train
[client] OK   enemy shot by the client dies on this PC
[client] OK   ticket taken by the client is in the save
[client] OK   train finished on this PC
