Godot Engine v4.7.2.stable.official.ed1daf0bf - https://godotengine.org

[host] OK   host opened
[host] OK   both on the map
[host] OK   two walkers in the world
ERROR: Not supported by this display server.
   at: keyboard_get_keycode_from_physical (servers/display/display_server.cpp:1224)
   GDScript backtrace (most recent call first):
       [0] display_name (res://core/settings/input_serializer.gd:67)
       [1] _shoot_key_name (res://core/world/world_door.gd:258)
       [2] _update_status (res://core/world/world_door.gd:249)
       [3] _physics_process (res://core/world/world_door.gd:158)
ERROR: Not supported by this display server.
   at: keyboard_get_keycode_from_physical (servers/display/display_server.cpp:1224)
   GDScript backtrace (most recent call first):
       [0] display_name (res://core/settings/input_serializer.gd:67)
       [1] _shoot_key_name (res://core/world/world_door.gd:258)
       [2] _update_status (res://core/world/world_door.gd:249)
       [3] _physics_process (res://core/world/world_door.gd:158)
ERROR: Not supported by this display server.
   at: keyboard_get_keycode_from_physical (servers/display/display_server.cpp:1224)
   GDScript backtrace (most recent call first):
       [0] display_name (res://core/settings/input_serializer.gd:67)
       [1] _shoot_key_name (res://core/world/world_door.gd:258)
       [2] _update_status (res://core/world/world_door.gd:249)
       [3] _physics_process (res://core/world/world_door.gd:158)
ERROR: Not supported by this display server.
   at: keyboard_get_keycode_from_physical (servers/display/display_server.cpp:1224)
   GDScript backtrace (most recent call first):
       [0] display_name (res://core/settings/input_serializer.gd:67)
       [1] _shoot_key_name (res://core/world/world_door.gd:258)
       [2] _update_status (res://core/world/world_door.gd:249)
       [3] _physics_process (res://core/world/world_door.gd:158)
ERROR: Not supported by this display server.
   at: keyboard_get_keycode_from_physical (servers/display/display_server.cpp:1224)
   GDScript backtrace (most recent call first):
       [0] display_name (res://core/settings/input_serializer.gd:67)
       [1] _shoot_key_name (res://core/world/world_door.gd:258)
       [2] _update_status (res://core/world/world_door.gd:249)
       [3] _physics_process (res://core/world/world_door.gd:158)
ERROR: Not supported by this display server.
   at: keyboard_get_keycode_from_physical (servers/display/display_server.cpp:1224)
   GDScript backtrace (most recent call first):
       [0] display_name (res://core/settings/input_serializer.gd:67)
       [1] _shoot_key_name (res://core/world/world_door.gd:258)
       [2] _update_status (res://core/world/world_door.gd:249)
       [3] _physics_process (res://core/world/world_door.gd:158)
ERROR: Not supported by this display server.
   at: keyboard_get_keycode_from_physical (servers/display/display_server.cpp:1224)
   GDScript backtrace (most recent call first):
       [0] display_name (res://core/settings/input_serializer.gd:67)
       [1] _shoot_key_name (res://core/world/world_door.gd:258)
       [2] _update_status (res://core/world/world_door.gd:249)
       [3] _physics_process (res://core/world/world_door.gd:158)
ERROR: Not supported by this display server.
   at: keyboard_get_keycode_from_physical (servers/display/display_server.cpp:1224)
   GDScript backtrace (most recent call first):
       [0] display_name (res://core/settings/input_serializer.gd:67)
       [1] _shoot_key_name (res://core/world/world_door.gd:258)
       [2] _update_status (res://core/world/world_door.gd:249)
       [3] _physics_process (res://core/world/world_door.gd:158)
ERROR: Not supported by this display server.
   at: keyboard_get_keycode_from_physical (servers/display/display_server.cpp:1224)
   GDScript backtrace (most recent call first):
       [0] display_name (res://core/settings/input_serializer.gd:67)
       [1] _shoot_key_name (res://core/world/world_door.gd:258)
       [2] _update_status (res://core/world/world_door.gd:249)
       [3] _physics_process (res://core/world/world_door.gd:158)
ERROR: Not supported by this display server.
   at: keyboard_get_keycode_from_physical (servers/display/display_server.cpp:1224)
   GDScript backtrace (most recent call first):
       [0] display_name (res://core/settings/input_serializer.gd:67)
       [1] _shoot_key_name (res://core/world/world_door.gd:258)
       [2] _update_status (res://core/world/world_door.gd:249)
       [3] _physics_process (res://core/world/world_door.gd:158)
ERROR: Not supported by this display server.
   at: keyboard_get_keycode_from_physical (servers/display/display_server.cpp:1224)
   GDScript backtrace (most recent call first):
       [0] display_name (res://core/settings/input_serializer.gd:67)
       [1] _shoot_key_name (res://core/world/world_door.gd:258)
       [2] _update_status (res://core/world/world_door.gd:249)
       [3] _physics_process (res://core/world/world_door.gd:158)
ERROR: Not supported by this display server.
   at: keyboard_get_keycode_from_physical (servers/display/display_server.cpp:1224)
   GDScript backtrace (most recent call first):
       [0] display_name (res://core/settings/input_serializer.gd:67)
       [1] _shoot_key_name (res://core/world/world_door.gd:258)
       [2] _update_status (res://core/world/world_door.gd:249)
       [3] _physics_process (res://core/world/world_door.gd:158)
ERROR: Not supported by this display server.
   at: keyboard_get_keycode_from_physical (servers/display/display_server.cpp:1224)
   GDScript backtrace (most recent call first):
       [0] display_name (res://core/settings/input_serializer.gd:67)
       [1] _shoot_key_name (res://core/world/world_door.gd:258)
       [2] _update_status (res://core/world/world_door.gd:249)
       [3] _physics_process (res://core/world/world_door.gd:158)
ERROR: Not supported by this display server.
   at: keyboard_get_keycode_from_physical (servers/display/display_server.cpp:1224)
   GDScript backtrace (most recent call first):
       [0] display_name (res://core/settings/input_serializer.gd:67)
       [1] _shoot_key_name (res://core/world/world_door.gd:258)
       [2] _update_status (res://core/world/world_door.gd:249)
       [3] _physics_process (res://core/world/world_door.gd:158)
ERROR: Not supported by this display server.
   at: keyboard_get_keycode_from_physical (servers/display/display_server.cpp:1224)
   GDScript backtrace (most recent call first):
       [0] display_name (res://core/settings/input_serializer.gd:67)
       [1] _shoot_key_name (res://core/world/world_door.gd:258)
       [2] _update_status (res://core/world/world_door.gd:249)
       [3] _physics_process (res://core/world/world_door.gd:158)
ERROR: Not supported by this display server.
   at: keyboard_get_keycode_from_physical (servers/display/display_server.cpp:1224)
   GDScript backtrace (most recent call first):
       [0] display_name (res://core/settings/input_serializer.gd:67)
       [1] _shoot_key_name (res://core/world/world_door.gd:258)
       [2] _update_status (res://core/world/world_door.gd:249)
       [3] _physics_process (res://core/world/world_door.gd:158)
ERROR: Not supported by this display server.
   at: keyboard_get_keycode_from_physical (servers/display/display_server.cpp:1224)
   GDScript backtrace (most recent call first):
       [0] display_name (res://core/settings/input_serializer.gd:67)
       [1] _shoot_key_name (res://core/world/world_door.gd:258)
       [2] _update_status (res://core/world/world_door.gd:249)
       [3] _physics_process (res://core/world/world_door.gd:158)
ERROR: Not supported by this display server.
   at: keyboard_get_keycode_from_physical (servers/display/display_server.cpp:1224)
   GDScript backtrace (most recent call first):
       [0] display_name (res://core/settings/input_serializer.gd:67)
       [1] _shoot_key_name (res://core/world/world_door.gd:258)
       [2] _update_status (res://core/world/world_door.gd:249)
       [3] _physics_process (res://core/world/world_door.gd:158)
ERROR: Not supported by this display server.
   at: keyboard_get_keycode_from_physical (servers/display/display_server.cpp:1224)
   GDScript backtrace (most recent call first):
       [0] display_name (res://core/settings/input_serializer.gd:67)
       [1] _shoot_key_name (res://core/world/world_door.gd:258)
       [2] _update_status (res://core/world/world_door.gd:249)
       [3] _physics_process (res://core/world/world_door.gd:158)
ERROR: Not supported by this display server.
   at: keyboard_get_keycode_from_physical (servers/display/display_server.cpp:1224)
   GDScript backtrace (most recent call first):
       [0] display_name (res://core/settings/input_serializer.gd:67)
       [1] _shoot_key_name (res://core/world/world_door.gd:258)
       [2] _update_status (res://core/world/world_door.gd:249)
       [3] _physics_process (res://core/world/world_door.gd:158)
ERROR: Not supported by this display server.
   at: keyboard_get_keycode_from_physical (servers/display/display_server.cpp:1224)
   GDScript backtrace (most recent call first):
       [0] display_name (res://core/settings/input_serializer.gd:67)
       [1] _shoot_key_name (res://core/world/world_door.gd:258)
       [2] _update_status (res://core/world/world_door.gd:249)
       [3] _physics_process (res://core/world/world_door.gd:158)
ERROR: Not supported by this display server.
   at: keyboard_get_keycode_from_physical (servers/display/display_server.cpp:1224)
   GDScript backtrace (most recent call first):
       [0] display_name (res://core/settings/input_serializer.gd:67)
       [1] _shoot_key_name (res://core/world/world_door.gd:258)
       [2] _update_status (res://core/world/world_door.gd:249)
       [3] _physics_process (res://core/world/world_door.gd:158)
ERROR: Not supported by this display server.
   at: keyboard_get_keycode_from_physical (servers/display/display_server.cpp:1224)
   GDScript backtrace (most recent call first):
       [0] display_name (res://core/settings/input_serializer.gd:67)
       [1] _shoot_key_name (res://core/world/world_door.gd:258)
       [2] _update_status (res://core/world/world_door.gd:249)
       [3] _physics_process (res://core/world/world_door.gd:158)
ERROR: Not supported by this display server.
   at: keyboard_get_keycode_from_physical (servers/display/display_server.cpp:1224)
   GDScript backtrace (most recent call first):
       [0] display_name (res://core/settings/input_serializer.gd:67)
       [1] _shoot_key_name (res://core/world/world_door.gd:258)
       [2] _update_status (res://core/world/world_door.gd:249)
       [3] _physics_process (res://core/world/world_door.gd:158)
ERROR: Not supported by this display server.
   at: keyboard_get_keycode_from_physical (servers/display/display_server.cpp:1224)
   GDScript backtrace (most recent call first):
       [0] display_name (res://core/settings/input_serializer.gd:67)
       [1] _shoot_key_name (res://core/world/world_door.gd:258)
       [2] _update_status (res://core/world/world_door.gd:249)
       [3] _physics_process (res://core/world/world_door.gd:158)
ERROR: Not supported by this display server.
   at: keyboard_get_keycode_from_physical (servers/display/display_server.cpp:1224)
   GDScript backtrace (most recent call first):
       [0] display_name (res://core/settings/input_serializer.gd:67)
       [1] _shoot_key_name (res://core/world/world_door.gd:258)
       [2] _update_status (res://core/world/world_door.gd:249)
       [3] _physics_process (res://core/world/world_door.gd:158)
ERROR: Not supported by this display server.
   at: keyboard_get_keycode_from_physical (servers/display/display_server.cpp:1224)
   GDScript backtrace (most recent call first):
       [0] display_name (res://core/settings/input_serializer.gd:67)
       [1] _shoot_key_name (res://core/world/world_door.gd:258)
       [2] _update_status (res://core/world/world_door.gd:249)
       [3] _physics_process (res://core/world/world_door.gd:158)
ERROR: Not supported by this display server.
   at: keyboard_get_keycode_from_physical (servers/display/display_server.cpp:1224)
   GDScript backtrace (most recent call first):
       [0] display_name (res://core/settings/input_serializer.gd:67)
       [1] _shoot_key_name (res://core/world/world_door.gd:258)
       [2] _update_status (res://core/world/world_door.gd:249)
       [3] _physics_process (res://core/world/world_door.gd:158)
ERROR: Not supported by this display server.
   at: keyboard_get_keycode_from_physical (servers/display/display_server.cpp:1224)
   GDScript backtrace (most recent call first):
       [0] display_name (res://core/settings/input_serializer.gd:67)
       [1] _shoot_key_name (res://core/world/world_door.gd:258)
       [2] _update_status (res://core/world/world_door.gd:249)
       [3] _physics_process (res://core/world/world_door.gd:158)
ERROR: Not supported by this display server.
   at: keyboard_get_keycode_from_physical (servers/display/display_server.cpp:1224)
   GDScript backtrace (most recent call first):
       [0] display_name (res://core/settings/input_serializer.gd:67)
       [1] _shoot_key_name (res://core/world/world_door.gd:258)
       [2] _update_status (res://core/world/world_door.gd:249)
       [3] _physics_process (res://core/world/world_door.gd:158)
ERROR: Not supported by this display server.
   at: keyboard_get_keycode_from_physical (servers/display/display_server.cpp:1224)
   GDScript backtrace (most recent call first):
       [0] display_name (res://core/settings/input_serializer.gd:67)
       [1] _shoot_key_name (res://core/world/world_door.gd:258)
       [2] _update_status (res://core/world/world_door.gd:249)
       [3] _physics_process (res://core/world/world_door.gd:158)
ERROR: Not supported by this display server.
   at: keyboard_get_keycode_from_physical (servers/display/display_server.cpp:1224)
   GDScript backtrace (most recent call first):
       [0] display_name (res://core/settings/input_serializer.gd:67)
       [1] _shoot_key_name (res://core/world/world_door.gd:258)
       [2] _update_status (res://core/world/world_door.gd:249)
       [3] _physics_process (res://core/world/world_door.gd:158)
ERROR: Not supported by this display server.
   at: keyboard_get_keycode_from_physical (servers/display/display_server.cpp:1224)
   GDScript backtrace (most recent call first):
       [0] display_name (res://core/settings/input_serializer.gd:67)
       [1] _shoot_key_name (res://core/world/world_door.gd:258)
       [2] _update_status (res://core/world/world_door.gd:249)
       [3] _physics_process (res://core/world/world_door.gd:158)
ERROR: Not supported by this display server.
   at: keyboard_get_keycode_from_physical (servers/display/display_server.cpp:1224)
   GDScript backtrace (most recent call first):
       [0] display_name (res://core/settings/input_serializer.gd:67)
       [1] _shoot_key_name (res://core/world/world_door.gd:258)
       [2] _update_status (res://core/world/world_door.gd:249)
       [3] _physics_process (res://core/world/world_door.gd:158)
ERROR: Not supported by this display server.
   at: keyboard_get_keycode_from_physical (servers/display/display_server.cpp:1224)
   GDScript backtrace (most recent call first):
       [0] display_name (res://core/settings/input_serializer.gd:67)
       [1] _shoot_key_name (res://core/world/world_door.gd:258)
       [2] _update_status (res://core/world/world_door.gd:249)
       [3] _physics_process (res://core/world/world_door.gd:158)
ERROR: Not supported by this display server.
   at: keyboard_get_keycode_from_physical (servers/display/display_server.cpp:1224)
   GDScript backtrace (most recent call first):
       [0] display_name (res://core/settings/input_serializer.gd:67)
       [1] _shoot_key_name (res://core/world/world_door.gd:258)
       [2] _update_status (res://core/world/world_door.gd:249)
       [3] _physics_process (res://core/world/world_door.gd:158)
ERROR: Not supported by this display server.
   at: keyboard_get_keycode_from_physical (servers/display/display_server.cpp:1224)
   GDScript backtrace (most recent call first):
       [0] display_name (res://core/settings/input_serializer.gd:67)
       [1] _shoot_key_name (res://core/world/world_door.gd:258)
       [2] _update_status (res://core/world/world_door.gd:249)
       [3] _physics_process (res://core/world/world_door.gd:158)
ERROR: Not supported by this display server.
   at: keyboard_get_keycode_from_physical (servers/display/display_server.cpp:1224)
   GDScript backtrace (most recent call first):
       [0] display_name (res://core/settings/input_serializer.gd:67)
       [1] _shoot_key_name (res://core/world/world_door.gd:258)
       [2] _update_status (res://core/world/world_door.gd:249)
       [3] _physics_process (res://core/world/world_door.gd:158)
ERROR: Not supported by this display server.
   at: keyboard_get_keycode_from_physical (servers/display/display_server.cpp:1224)
   GDScript backtrace (most recent call first):
       [0] display_name (res://core/settings/input_serializer.gd:67)
       [1] _shoot_key_name (res://core/world/world_door.gd:258)
       [2] _update_status (res://core/world/world_door.gd:249)
       [3] _physics_process (res://core/world/world_door.gd:158)
ERROR: Not supported by this display server.
   at: keyboard_get_keycode_from_physical (servers/display/display_server.cpp:1224)
   GDScript backtrace (most recent call first):
       [0] display_name (res://core/settings/input_serializer.gd:67)
       [1] _shoot_key_name (res://core/world/world_door.gd:258)
       [2] _update_status (res://core/world/world_door.gd:249)
       [3] _physics_process (res://core/world/world_door.gd:158)
ERROR: Not supported by this display server.
   at: keyboard_get_keycode_from_physical (servers/display/display_server.cpp:1224)
   GDScript backtrace (most recent call first):
       [0] display_name (res://core/settings/input_serializer.gd:67)
       [1] _shoot_key_name (res://core/world/world_door.gd:258)
       [2] _update_status (res://core/world/world_door.gd:249)
       [3] _physics_process (res://core/world/world_door.gd:158)
ERROR: Not supported by this display server.
   at: keyboard_get_keycode_from_physical (servers/display/display_server.cpp:1224)
   GDScript backtrace (most recent call first):
       [0] display_name (res://core/settings/input_serializer.gd:67)
       [1] _shoot_key_name (res://core/world/world_door.gd:258)
       [2] _update_status (res://core/world/world_door.gd:249)
       [3] _physics_process (res://core/world/world_door.gd:158)
ERROR: Not supported by this display server.
   at: keyboard_get_keycode_from_physical (servers/display/display_server.cpp:1224)
   GDScript backtrace (most recent call first):
       [0] display_name (res://core/settings/input_serializer.gd:67)
       [1] _shoot_key_name (res://core/world/world_door.gd:258)
       [2] _update_status (res://core/world/world_door.gd:249)
       [3] _physics_process (res://core/world/world_door.gd:158)
ERROR: Not supported by this display server.
   at: keyboard_get_keycode_from_physical (servers/display/display_server.cpp:1224)
   GDScript backtrace (most recent call first):
       [0] display_name (res://core/settings/input_serializer.gd:67)
       [1] _shoot_key_name (res://core/world/world_door.gd:258)
       [2] _update_status (res://core/world/world_door.gd:249)
       [3] _physics_process (res://core/world/world_door.gd:158)
ERROR: Not supported by this display server.
   at: keyboard_get_keycode_from_physical (servers/display/display_server.cpp:1224)
   GDScript backtrace (most recent call first):
       [0] display_name (res://core/settings/input_serializer.gd:67)
       [1] _shoot_key_name (res://core/world/world_door.gd:258)
       [2] _update_status (res://core/world/world_door.gd:249)
       [3] _physics_process (res://core/world/world_door.gd:158)
ERROR: Not supported by this display server.
   at: keyboard_get_keycode_from_physical (servers/display/display_server.cpp:1224)
   GDScript backtrace (most recent call first):
       [0] display_name (res://core/settings/input_serializer.gd:67)
       [1] _shoot_key_name (res://core/world/world_door.gd:258)
       [2] _update_status (res://core/world/world_door.gd:249)
       [3] _physics_process (res://core/world/world_door.gd:158)
ERROR: Not supported by this display server.
   at: keyboard_get_keycode_from_physical (servers/display/display_server.cpp:1224)
   GDScript backtrace (most recent call first):
       [0] display_name (res://core/settings/input_serializer.gd:67)
       [1] _shoot_key_name (res://core/world/world_door.gd:258)
       [2] _update_status (res://core/world/world_door.gd:249)
       [3] _physics_process (res://core/world/world_door.gd:158)
ERROR: Not supported by this display server.
   at: keyboard_get_keycode_from_physical (servers/display/display_server.cpp:1224)
   GDScript backtrace (most recent call first):
       [0] display_name (res://core/settings/input_serializer.gd:67)
       [1] _shoot_key_name (res://core/world/world_door.gd:258)
       [2] _update_status (res://core/world/world_door.gd:249)
       [3] _physics_process (res://core/world/world_door.gd:158)
ERROR: Not supported by this display server.
   at: keyboard_get_keycode_from_physical (servers/display/display_server.cpp:1224)
   GDScript backtrace (most recent call first):
       [0] display_name (res://core/settings/input_serializer.gd:67)
       [1] _shoot_key_name (res://core/world/world_door.gd:258)
       [2] _update_status (res://core/world/world_door.gd:249)
       [3] _physics_process (res://core/world/world_door.gd:158)
ERROR: Not supported by this display server.
   at: keyboard_get_keycode_from_physical (servers/display/display_server.cpp:1224)
   GDScript backtrace (most recent call first):
       [0] display_name (res://core/settings/input_serializer.gd:67)
       [1] _shoot_key_name (res://core/world/world_door.gd:258)
       [2] _update_status (res://core/world/world_door.gd:249)
       [3] _physics_process (res://core/world/world_door.gd:158)
ERROR: Not supported by this display server.
   at: keyboard_get_keycode_from_physical (servers/display/display_server.cpp:1224)
   GDScript backtrace (most recent call first):
       [0] display_name (res://core/settings/input_serializer.gd:67)
       [1] _shoot_key_name (res://core/world/world_door.gd:258)
       [2] _update_status (res://core/world/world_door.gd:249)
       [3] _physics_process (res://core/world/world_door.gd:158)
ERROR: Not supported by this display server.
   at: keyboard_get_keycode_from_physical (servers/display/display_server.cpp:1224)
   GDScript backtrace (most recent call first):
       [0] display_name (res://core/settings/input_serializer.gd:67)
       [1] _shoot_key_name (res://core/world/world_door.gd:258)
       [2] _update_status (res://core/world/world_door.gd:249)
       [3] _physics_process (res://core/world/world_door.gd:158)
ERROR: Not supported by this display server.
   at: keyboard_get_keycode_from_physical (servers/display/display_server.cpp:1224)
   GDScript backtrace (most recent call first):
       [0] display_name (res://core/settings/input_serializer.gd:67)
       [1] _shoot_key_name (res://core/world/world_door.gd:258)
       [2] _update_status (res://core/world/world_door.gd:249)
       [3] _physics_process (res://core/world/world_door.gd:158)
ERROR: Not supported by this display server.
   at: keyboard_get_keycode_from_physical (servers/display/display_server.cpp:1224)
   GDScript backtrace (most recent call first):
       [0] display_name (res://core/settings/input_serializer.gd:67)
       [1] _shoot_key_name (res://core/world/world_door.gd:258)
       [2] _update_status (res://core/world/world_door.gd:249)
       [3] _physics_process (res://core/world/world_door.gd:158)
ERROR: Not supported by this display server.
   at: keyboard_get_keycode_from_physical (servers/display/display_server.cpp:1224)
   GDScript backtrace (most recent call first):
       [0] display_name (res://core/settings/input_serializer.gd:67)
       [1] _shoot_key_name (res://core/world/world_door.gd:258)
       [2] _update_status (res://core/world/world_door.gd:249)
       [3] _physics_process (res://core/world/world_door.gd:158)
ERROR: Not supported by this display server.
   at: keyboard_get_keycode_from_physical (servers/display/display_server.cpp:1224)
   GDScript backtrace (most recent call first):
       [0] display_name (res://core/settings/input_serializer.gd:67)
       [1] _shoot_key_name (res://core/world/world_door.gd:258)
       [2] _update_status (res://core/world/world_door.gd:249)
       [3] _physics_process (res://core/world/world_door.gd:158)
ERROR: Not supported by this display server.
   at: keyboard_get_keycode_from_physical (servers/display/display_server.cpp:1224)
   GDScript backtrace (most recent call first):
       [0] display_name (res://core/settings/input_serializer.gd:67)
       [1] _shoot_key_name (res://core/world/world_door.gd:258)
       [2] _update_status (res://core/world/world_door.gd:249)
       [3] _physics_process (res://core/world/world_door.gd:158)
ERROR: Not supported by this display server.
   at: keyboard_get_keycode_from_physical (servers/display/display_server.cpp:1224)
   GDScript backtrace (most recent call first):
       [0] display_name (res://core/settings/input_serializer.gd:67)
       [1] _shoot_key_name (res://core/world/world_door.gd:258)
       [2] _update_status (res://core/world/world_door.gd:249)
       [3] _physics_process (res://core/world/world_door.gd:158)
ERROR: Not supported by this display server.
   at: keyboard_get_keycode_from_physical (servers/display/display_server.cpp:1224)
   GDScript backtrace (most recent call first):
       [0] display_name (res://core/settings/input_serializer.gd:67)
       [1] _shoot_key_name (res://core/world/world_door.gd:258)
       [2] _update_status (res://core/world/world_door.gd:249)
       [3] _physics_process (res://core/world/world_door.gd:158)
ERROR: Not supported by this display server.
   at: keyboard_get_keycode_from_physical (servers/display/display_server.cpp:1224)
   GDScript backtrace (most recent call first):
       [0] display_name (res://core/settings/input_serializer.gd:67)
       [1] _shoot_key_name (res://core/world/world_door.gd:258)
       [2] _update_status (res://core/world/world_door.gd:249)
       [3] _physics_process (res://core/world/world_door.gd:158)
ERROR: Not supported by this display server.
   at: keyboard_get_keycode_from_physical (servers/display/display_server.cpp:1224)
   GDScript backtrace (most recent call first):
       [0] display_name (res://core/settings/input_serializer.gd:67)
       [1] _shoot_key_name (res://core/world/world_door.gd:258)
       [2] _update_status (res://core/world/world_door.gd:249)
       [3] _physics_process (res://core/world/world_door.gd:158)
ERROR: Not supported by this display server.
   at: keyboard_get_keycode_from_physical (servers/display/display_server.cpp:1224)
   GDScript backtrace (most recent call first):
       [0] display_name (res://core/settings/input_serializer.gd:67)
       [1] _shoot_key_name (res://core/world/world_door.gd:258)
       [2] _update_status (res://core/world/world_door.gd:249)
       [3] _physics_process (res://core/world/world_door.gd:158)
ERROR: Not supported by this display server.
   at: keyboard_get_keycode_from_physical (servers/display/display_server.cpp:1224)
   GDScript backtrace (most recent call first):
       [0] display_name (res://core/settings/input_serializer.gd:67)
       [1] _shoot_key_name (res://core/world/world_door.gd:258)
       [2] _update_status (res://core/world/world_door.gd:249)
       [3] _physics_process (res://core/world/world_door.gd:158)
ERROR: Not supported by this display server.
   at: keyboard_get_keycode_from_physical (servers/display/display_server.cpp:1224)
   GDScript backtrace (most recent call first):
       [0] display_name (res://core/settings/input_serializer.gd:67)
       [1] _shoot_key_name (res://core/world/world_door.gd:258)
       [2] _update_status (res://core/world/world_door.gd:249)
       [3] _physics_process (res://core/world/world_door.gd:158)
ERROR: Not supported by this display server.
   at: keyboard_get_keycode_from_physical (servers/display/display_server.cpp:1224)
   GDScript backtrace (most recent call first):
       [0] display_name (res://core/settings/input_serializer.gd:67)
       [1] _shoot_key_name (res://core/world/world_door.gd:258)
       [2] _update_status (res://core/world/world_door.gd:249)
       [3] _physics_process (res://core/world/world_door.gd:158)
ERROR: Not supported by this display server.
   at: keyboard_get_keycode_from_physical (servers/display/display_server.cpp:1224)
   GDScript backtrace (most recent call first):
       [0] display_name (res://core/settings/input_serializer.gd:67)
       [1] _shoot_key_name (res://core/world/world_door.gd:258)
       [2] _update_status (res://core/world/world_door.gd:249)
       [3] _physics_process (res://core/world/world_door.gd:158)
ERROR: Not supported by this display server.
   at: keyboard_get_keycode_from_physical (servers/display/display_server.cpp:1224)
   GDScript backtrace (most recent call first):
       [0] display_name (res://core/settings/input_serializer.gd:67)
       [1] _shoot_key_name (res://core/world/world_door.gd:258)
       [2] _update_status (res://core/world/world_door.gd:249)
       [3] _physics_process (res://core/world/world_door.gd:158)
ERROR: Not supported by this display server.
   at: keyboard_get_keycode_from_physical (servers/display/display_server.cpp:1224)
   GDScript backtrace (most recent call first):
       [0] display_name (res://core/settings/input_serializer.gd:67)
       [1] _shoot_key_name (res://core/world/world_door.gd:258)
       [2] _update_status (res://core/world/world_door.gd:249)
       [3] _physics_process (res://core/world/world_door.gd:158)
ERROR: Not supported by this display server.
   at: keyboard_get_keycode_from_physical (servers/display/display_server.cpp:1224)
   GDScript backtrace (most recent call first):
       [0] display_name (res://core/settings/input_serializer.gd:67)
       [1] _shoot_key_name (res://core/world/world_door.gd:258)
       [2] _update_status (res://core/world/world_door.gd:249)
       [3] _physics_process (res://core/world/world_door.gd:158)
ERROR: Not supported by this display server.
   at: keyboard_get_keycode_from_physical (servers/display/display_server.cpp:1224)
   GDScript backtrace (most recent call first):
       [0] display_name (res://core/settings/input_serializer.gd:67)
       [1] _shoot_key_name (res://core/world/world_door.gd:258)
       [2] _update_status (res://core/world/world_door.gd:249)
       [3] _physics_process (res://core/world/world_door.gd:158)
ERROR: Not supported by this display server.
   at: keyboard_get_keycode_from_physical (servers/display/display_server.cpp:1224)
   GDScript backtrace (most recent call first):
       [0] display_name (res://core/settings/input_serializer.gd:67)
       [1] _shoot_key_name (res://core/world/world_door.gd:258)
       [2] _update_status (res://core/world/world_door.gd:249)
       [3] _physics_process (res://core/world/world_door.gd:158)
ERROR: Not supported by this display server.
   at: keyboard_get_keycode_from_physical (servers/display/display_server.cpp:1224)
   GDScript backtrace (most recent call first):
       [0] display_name (res://core/settings/input_serializer.gd:67)
       [1] _shoot_key_name (res://core/world/world_door.gd:258)
       [2] _update_status (res://core/world/world_door.gd:249)
       [3] _physics_process (res://core/world/world_door.gd:158)
ERROR: Not supported by this display server.
   at: keyboard_get_keycode_from_physical (servers/display/display_server.cpp:1224)
   GDScript backtrace (most recent call first):
       [0] display_name (res://core/settings/input_serializer.gd:67)
       [1] _shoot_key_name (res://core/world/world_door.gd:258)
       [2] _update_status (res://core/world/world_door.gd:249)
       [3] _physics_process (res://core/world/world_door.gd:158)
ERROR: Not supported by this display server.
   at: keyboard_get_keycode_from_physical (servers/display/display_server.cpp:1224)
   GDScript backtrace (most recent call first):
       [0] display_name (res://core/settings/input_serializer.gd:67)
       [1] _shoot_key_name (res://core/world/world_door.gd:258)
       [2] _update_status (res://core/world/world_door.gd:249)
       [3] _physics_process (res://core/world/world_door.gd:158)
ERROR: Not supported by this display server.
   at: keyboard_get_keycode_from_physical (servers/display/display_server.cpp:1224)
   GDScript backtrace (most recent call first):
       [0] display_name (res://core/settings/input_serializer.gd:67)
       [1] _shoot_key_name (res://core/world/world_door.gd:258)
       [2] _update_status (res://core/world/world_door.gd:249)
       [3] _physics_process (res://core/world/world_door.gd:158)
ERROR: Not supported by this display server.
   at: keyboard_get_keycode_from_physical (servers/display/display_server.cpp:1224)
   GDScript backtrace (most recent call first):
       [0] display_name (res://core/settings/input_serializer.gd:67)
       [1] _shoot_key_name (res://core/world/world_door.gd:258)
       [2] _update_status (res://core/world/world_door.gd:249)
       [3] _physics_process (res://core/world/world_door.gd:158)
ERROR: Not supported by this display server.
   at: keyboard_get_keycode_from_physical (servers/display/display_server.cpp:1224)
   GDScript backtrace (most recent call first):
       [0] display_name (res://core/settings/input_serializer.gd:67)
       [1] _shoot_key_name (res://core/world/world_door.gd:258)
       [2] _update_status (res://core/world/world_door.gd:249)
       [3] _physics_process (res://core/world/world_door.gd:158)
ERROR: Not supported by this display server.
   at: keyboard_get_keycode_from_physical (servers/display/display_server.cpp:1224)
   GDScript backtrace (most recent call first):
       [0] display_name (res://core/settings/input_serializer.gd:67)
       [1] _shoot_key_name (res://core/world/world_door.gd:258)
       [2] _update_status (res://core/world/world_door.gd:249)
       [3] _physics_process (res://core/world/world_door.gd:158)
ERROR: Not supported by this display server.
   at: keyboard_get_keycode_from_physical (servers/display/display_server.cpp:1224)
   GDScript backtrace (most recent call first):
       [0] display_name (res://core/settings/input_serializer.gd:67)
       [1] _shoot_key_name (res://core/world/world_door.gd:258)
       [2] _update_status (res://core/world/world_door.gd:249)
       [3] _physics_process (res://core/world/world_door.gd:158)
ERROR: Not supported by this display server.
   at: keyboard_get_keycode_from_physical (servers/display/display_server.cpp:1224)
   GDScript backtrace (most recent call first):
       [0] display_name (res://core/settings/input_serializer.gd:67)
       [1] _shoot_key_name (res://core/world/world_door.gd:258)
       [2] _update_status (res://core/world/world_door.gd:249)
       [3] _physics_process (res://core/world/world_door.gd:158)
ERROR: Not supported by this display server.
   at: keyboard_get_keycode_from_physical (servers/display/display_server.cpp:1224)
   GDScript backtrace (most recent call first):
       [0] display_name (res://core/settings/input_serializer.gd:67)
       [1] _shoot_key_name (res://core/world/world_door.gd:258)
       [2] _update_status (res://core/world/world_door.gd:249)
       [3] _physics_process (res://core/world/world_door.gd:158)
ERROR: Not supported by this display server.
   at: keyboard_get_keycode_from_physical (servers/display/display_server.cpp:1224)
   GDScript backtrace (most recent call first):
       [0] display_name (res://core/settings/input_serializer.gd:67)
       [1] _shoot_key_name (res://core/world/world_door.gd:258)
       [2] _update_status (res://core/world/world_door.gd:249)
       [3] _physics_process (res://core/world/world_door.gd:158)
ERROR: Not supported by this display server.
   at: keyboard_get_keycode_from_physical (servers/display/display_server.cpp:1224)
   GDScript backtrace (most recent call first):
       [0] display_name (res://core/settings/input_serializer.gd:67)
       [1] _shoot_key_name (res://core/world/world_door.gd:258)
       [2] _update_status (res://core/world/world_door.gd:249)
       [3] _physics_process (res://core/world/world_door.gd:158)
ERROR: Not supported by this display server.
   at: keyboard_get_keycode_from_physical (servers/display/display_server.cpp:1224)
   GDScript backtrace (most recent call first):
       [0] display_name (res://core/settings/input_serializer.gd:67)
       [1] _shoot_key_name (res://core/world/world_door.gd:258)
       [2] _update_status (res://core/world/world_door.gd:249)
       [3] _physics_process (res://core/world/world_door.gd:158)
ERROR: Not supported by this display server.
   at: keyboard_get_keycode_from_physical (servers/display/display_server.cpp:1224)
   GDScript backtrace (most recent call first):
       [0] display_name (res://core/settings/input_serializer.gd:67)
       [1] _shoot_key_name (res://core/world/world_door.gd:258)
       [2] _update_status (res://core/world/world_door.gd:249)
       [3] _physics_process (res://core/world/world_door.gd:158)
ERROR: Not supported by this display server.
   at: keyboard_get_keycode_from_physical (servers/display/display_server.cpp:1224)
   GDScript backtrace (most recent call first):
       [0] display_name (res://core/settings/input_serializer.gd:67)
       [1] _shoot_key_name (res://core/world/world_door.gd:258)
       [2] _update_status (res://core/world/world_door.gd:249)
       [3] _physics_process (res://core/world/world_door.gd:158)
ERROR: Not supported by this display server.
   at: keyboard_get_keycode_from_physical (servers/display/display_server.cpp:1224)
   GDScript backtrace (most recent call first):
       [0] display_name (res://core/settings/input_serializer.gd:67)
       [1] _shoot_key_name (res://core/world/world_door.gd:258)
       [2] _update_status (res://core/world/world_door.gd:249)
       [3] _physics_process (res://core/world/world_door.gd:158)
ERROR: Not supported by this display server.
   at: keyboard_get_keycode_from_physical (servers/display/display_server.cpp:1224)
   GDScript backtrace (most recent call first):
       [0] display_name (res://core/settings/input_serializer.gd:67)
       [1] _shoot_key_name (res://core/world/world_door.gd:258)
       [2] _update_status (res://core/world/world_door.gd:249)
       [3] _physics_process (res://core/world/world_door.gd:158)
ERROR: Not supported by this display server.
   at: keyboard_get_keycode_from_physical (servers/display/display_server.cpp:1224)
   GDScript backtrace (most recent call first):
       [0] display_name (res://core/settings/input_serializer.gd:67)
       [1] _shoot_key_name (res://core/world/world_door.gd:258)
       [2] _update_status (res://core/world/world_door.gd:249)
       [3] _physics_process (res://core/world/world_door.gd:158)
ERROR: Not supported by this display server.
   at: keyboard_get_keycode_from_physical (servers/display/display_server.cpp:1224)
   GDScript backtrace (most recent call first):
       [0] display_name (res://core/settings/input_serializer.gd:67)
       [1] _shoot_key_name (res://core/world/world_door.gd:258)
       [2] _update_status (res://core/world/world_door.gd:249)
       [3] _physics_process (res://core/world/world_door.gd:158)
ERROR: Not supported by this display server.
   at: keyboard_get_keycode_from_physical (servers/display/display_server.cpp:1224)
   GDScript backtrace (most recent call first):
       [0] display_name (res://core/settings/input_serializer.gd:67)
       [1] _shoot_key_name (res://core/world/world_door.gd:258)
       [2] _update_status (res://core/world/world_door.gd:249)
       [3] _physics_process (res://core/world/world_door.gd:158)
ERROR: Not supported by this display server.
   at: keyboard_get_keycode_from_physical (servers/display/display_server.cpp:1224)
   GDScript backtrace (most recent call first):
       [0] display_name (res://core/settings/input_serializer.gd:67)
       [1] _shoot_key_name (res://core/world/world_door.gd:258)
       [2] _update_status (res://core/world/world_door.gd:249)
       [3] _physics_process (res://core/world/world_door.gd:158)
ERROR: Not supported by this display server.
   at: keyboard_get_keycode_from_physical (servers/display/display_server.cpp:1224)
   GDScript backtrace (most recent call first):
       [0] display_name (res://core/settings/input_serializer.gd:67)
       [1] _shoot_key_name (res://core/world/world_door.gd:258)
       [2] _update_status (res://core/world/world_door.gd:249)
       [3] _physics_process (res://core/world/world_door.gd:158)
ERROR: Not supported by this display server.
   at: keyboard_get_keycode_from_physical (servers/display/display_server.cpp:1224)
   GDScript backtrace (most recent call first):
       [0] display_name (res://core/settings/input_serializer.gd:67)
       [1] _shoot_key_name (res://core/world/world_door.gd:258)
       [2] _update_status (res://core/world/world_door.gd:249)
       [3] _physics_process (res://core/world/world_door.gd:158)
ERROR: Not supported by this display server.
   at: keyboard_get_keycode_from_physical (servers/display/display_server.cpp:1224)
   GDScript backtrace (most recent call first):
       [0] display_name (res://core/settings/input_serializer.gd:67)
       [1] _shoot_key_name (res://core/world/world_door.gd:258)
       [2] _update_status (res://core/world/world_door.gd:249)
       [3] _physics_process (res://core/world/world_door.gd:158)
ERROR: Not supported by this display server.
   at: keyboard_get_keycode_from_physical (servers/display/display_server.cpp:1224)
   GDScript backtrace (most recent call first):
       [0] display_name (res://core/settings/input_serializer.gd:67)
       [1] _shoot_key_name (res://core/world/world_door.gd:258)
       [2] _update_status (res://core/world/world_door.gd:249)
       [3] _physics_process (res://core/world/world_door.gd:158)
ERROR: Not supported by this display server.
   at: keyboard_get_keycode_from_physical (servers/display/display_server.cpp:1224)
   GDScript backtrace (most recent call first):
       [0] display_name (res://core/settings/input_serializer.gd:67)
       [1] _shoot_key_name (res://core/world/world_door.gd:258)
       [2] _update_status (res://core/world/world_door.gd:249)
       [3] _physics_process (res://core/world/world_door.gd:158)
ERROR: Not supported by this display server.
   at: keyboard_get_keycode_from_physical (servers/display/display_server.cpp:1224)
   GDScript backtrace (most recent call first):
       [0] display_name (res://core/settings/input_serializer.gd:67)
       [1] _shoot_key_name (res://core/world/world_door.gd:258)
       [2] _update_status (res://core/world/world_door.gd:249)
       [3] _physics_process (res://core/world/world_door.gd:158)
ERROR: Not supported by this display server.
   at: keyboard_get_keycode_from_physical (servers/display/display_server.cpp:1224)
   GDScript backtrace (most recent call first):
       [0] display_name (res://core/settings/input_serializer.gd:67)
       [1] _shoot_key_name (res://core/world/world_door.gd:258)
       [2] _update_status (res://core/world/world_door.gd:249)
       [3] _physics_process (res://core/world/world_door.gd:158)
ERROR: Not supported by this display server.
   at: keyboard_get_keycode_from_physical (servers/display/display_server.cpp:1224)
   GDScript backtrace (most recent call first):
       [0] display_name (res://core/settings/input_serializer.gd:67)
       [1] _shoot_key_name (res://core/world/world_door.gd:258)
       [2] _update_status (res://core/world/world_door.gd:249)
       [3] _physics_process (res://core/world/world_door.gd:158)
ERROR: Not supported by this display server.
   at: keyboard_get_keycode_from_physical (servers/display/display_server.cpp:1224)
   GDScript backtrace (most recent call first):
       [0] display_name (res://core/settings/input_serializer.gd:67)
       [1] _shoot_key_name (res://core/world/world_door.gd:258)
       [2] _update_status (res://core/world/world_door.gd:249)
       [3] _physics_process (res://core/world/world_door.gd:158)
ERROR: Not supported by this display server.
   at: keyboard_get_keycode_from_physical (servers/display/display_server.cpp:1224)
   GDScript backtrace (most recent call first):
       [0] display_name (res://core/settings/input_serializer.gd:67)
       [1] _shoot_key_name (res://core/world/world_door.gd:258)
       [2] _update_status (res://core/world/world_door.gd:249)
       [3] _physics_process (res://core/world/world_door.gd:158)
ERROR: Not supported by this display server.
   at: keyboard_get_keycode_from_physical (servers/display/display_server.cpp:1224)
   GDScript backtrace (most recent call first):
       [0] display_name (res://core/settings/input_serializer.gd:67)
       [1] _shoot_key_name (res://core/world/world_door.gd:258)
       [2] _update_status (res://core/world/world_door.gd:249)
       [3] _physics_process (res://core/world/world_door.gd:158)
ERROR: Not supported by this display server.
   at: keyboard_get_keycode_from_physical (servers/display/display_server.cpp:1224)
   GDScript backtrace (most recent call first):
       [0] display_name (res://core/settings/input_serializer.gd:67)
       [1] _shoot_key_name (res://core/world/world_door.gd:258)
       [2] _update_status (res://core/world/world_door.gd:249)
       [3] _physics_process (res://core/world/world_door.gd:158)
ERROR: Not supported by this display server.
   at: keyboard_get_keycode_from_physical (servers/display/display_server.cpp:1224)
   GDScript backtrace (most recent call first):
       [0] display_name (res://core/settings/input_serializer.gd:67)
       [1] _shoot_key_name (res://core/world/world_door.gd:258)
       [2] _update_status (res://core/world/world_door.gd:249)
       [3] _physics_process (res://core/world/world_door.gd:158)
ERROR: Not supported by this display server.
   at: keyboard_get_keycode_from_physical (servers/display/display_server.cpp:1224)
   GDScript backtrace (most recent call first):
       [0] display_name (res://core/settings/input_serializer.gd:67)
       [1] _shoot_key_name (res://core/world/world_door.gd:258)
       [2] _update_status (res://core/world/world_door.gd:249)
       [3] _physics_process (res://core/world/world_door.gd:158)
ERROR: Not supported by this display server.
   at: keyboard_get_keycode_from_physical (servers/display/display_server.cpp:1224)
   GDScript backtrace (most recent call first):
       [0] display_name (res://core/settings/input_serializer.gd:67)
       [1] _shoot_key_name (res://core/world/world_door.gd:258)
       [2] _update_status (res://core/world/world_door.gd:249)
       [3] _physics_process (res://core/world/world_door.gd:158)
ERROR: Not supported by this display server.
   at: keyboard_get_keycode_from_physical (servers/display/display_server.cpp:1224)
   GDScript backtrace (most recent call first):
       [0] display_name (res://core/settings/input_serializer.gd:67)
       [1] _shoot_key_name (res://core/world/world_door.gd:258)
       [2] _update_status (res://core/world/world_door.gd:249)
       [3] _physics_process (res://core/world/world_door.gd:158)
ERROR: Not supported by this display server.
   at: keyboard_get_keycode_from_physical (servers/display/display_server.cpp:1224)
   GDScript backtrace (most recent call first):
       [0] display_name (res://core/settings/input_serializer.gd:67)
       [1] _shoot_key_name (res://core/world/world_door.gd:258)
       [2] _update_status (res://core/world/world_door.gd:249)
       [3] _physics_process (res://core/world/world_door.gd:158)
ERROR: Not supported by this display server.
   at: keyboard_get_keycode_from_physical (servers/display/display_server.cpp:1224)
   GDScript backtrace (most recent call first):
       [0] display_name (res://core/settings/input_serializer.gd:67)
       [1] _shoot_key_name (res://core/world/world_door.gd:258)
       [2] _update_status (res://core/world/world_door.gd:249)
       [3] _physics_process (res://core/world/world_door.gd:158)
ERROR: Not supported by this display server.
   at: keyboard_get_keycode_from_physical (servers/display/display_server.cpp:1224)
   GDScript backtrace (most recent call first):
       [0] display_name (res://core/settings/input_serializer.gd:67)
       [1] _shoot_key_name (res://core/world/world_door.gd:258)
       [2] _update_status (res://core/world/world_door.gd:249)
       [3] _physics_process (res://core/world/world_door.gd:158)
ERROR: Not supported by this display server.
   at: keyboard_get_keycode_from_physical (servers/display/display_server.cpp:1224)
   GDScript backtrace (most recent call first):
       [0] display_name (res://core/settings/input_serializer.gd:67)
       [1] _shoot_key_name (res://core/world/world_door.gd:258)
       [2] _update_status (res://core/world/world_door.gd:249)
       [3] _physics_process (res://core/world/world_door.gd:158)
ERROR: Not supported by this display server.
   at: keyboard_get_keycode_from_physical (servers/display/display_server.cpp:1224)
   GDScript backtrace (most recent call first):
       [0] display_name (res://core/settings/input_serializer.gd:67)
       [1] _shoot_key_name (res://core/world/world_door.gd:258)
       [2] _update_status (res://core/world/world_door.gd:249)
       [3] _physics_process (res://core/world/world_door.gd:158)
ERROR: Not supported by this display server.
   at: keyboard_get_keycode_from_physical (servers/display/display_server.cpp:1224)
   GDScript backtrace (most recent call first):
       [0] display_name (res://core/settings/input_serializer.gd:67)
       [1] _shoot_key_name (res://core/world/world_door.gd:258)
       [2] _update_status (res://core/world/world_door.gd:249)
       [3] _physics_process (res://core/world/world_door.gd:158)
ERROR: Not supported by this display server.
   at: keyboard_get_keycode_from_physical (servers/display/display_server.cpp:1224)
   GDScript backtrace (most recent call first):
       [0] display_name (res://core/settings/input_serializer.gd:67)
       [1] _shoot_key_name (res://core/world/world_door.gd:258)
       [2] _update_status (res://core/world/world_door.gd:249)
       [3] _physics_process (res://core/world/world_door.gd:158)
ERROR: Not supported by this display server.
   at: keyboard_get_keycode_from_physical (servers/display/display_server.cpp:1224)
   GDScript backtrace (most recent call first):
       [0] display_name (res://core/settings/input_serializer.gd:67)
       [1] _shoot_key_name (res://core/world/world_door.gd:258)
       [2] _update_status (res://core/world/world_door.gd:249)
       [3] _physics_process (res://core/world/world_door.gd:158)
ERROR: Not supported by this display server.
   at: keyboard_get_keycode_from_physical (servers/display/display_server.cpp:1224)
   GDScript backtrace (most recent call first):
       [0] display_name (res://core/settings/input_serializer.gd:67)
       [1] _shoot_key_name (res://core/world/world_door.gd:258)
       [2] _update_status (res://core/world/world_door.gd:249)
       [3] _physics_process (res://core/world/world_door.gd:158)
ERROR: Not supported by this display server.
   at: keyboard_get_keycode_from_physical (servers/display/display_server.cpp:1224)
   GDScript backtrace (most recent call first):
       [0] display_name (res://core/settings/input_serializer.gd:67)
       [1] _shoot_key_name (res://core/world/world_door.gd:258)
       [2] _update_status (res://core/world/world_door.gd:249)
       [3] _physics_process (res://core/world/world_door.gd:158)
[host] OK   client chose the tent, both in the fight
[host] OK   both players exist
[host] OK   acrobat spawned with the host save equipment
[host] OK   EX from host damaged boss (1500 -> 1475)
[host] OK   EX from client damaged boss (1475 -> 1445)
[host] OK   duo declared on this PC
[host] boss after duo: 1445 -> 1045
[host] OK   duo dealt big damage
[host] OK   perfect bonus star (1.00)
[host] OK   victory screen
[host] result: { "time": 9.25000000000004, "health": 4, "max_health": 6, "parries": 0, "stars_used": 12, "score": 75.0, "grade": "A", "tickets": 4, "first_win": true, "best_grade": true, "best_time": true }
[host] OK   grade shown
[host] OK   save knows the victory (host saves, client gets a copy)
[host] OK   only the host writes the save
[host] OK   fight reloaded
[host] OK   ready again after reload
[host] OK   two players after reload
[host] OK   new fight running
[host] OK   partner removed on host
[host] OK   fight goes on alone
[host] OK   host reached phase 3
[host] OK   partner back on host
[host] OK   host sees partner downed
[host] OK   host sees partner revived
[host] OK   both on the train
[host] OK   enemy shot by the client dies on this PC
[host] OK   ticket taken by the client is in the save
[host] OK   train finished on this PC
