[host] OK   host opened
[host] OK   both on the map
[host] OK   two walkers in the world
[host] OK   client chose the tent, both in the fight
[host] OK   both players exist
[host] OK   acrobat spawned with the host save equipment
[host] OK   EX from host damaged boss (1500 -> 1475)
[host] OK   EX from client damaged boss (1475 -> 1445)
[host] OK   duo declared on this PC
[host] boss after duo: 1445 -> 1045
[host] OK   duo dealt big damage
[host] OK   perfect bonus star (1.00)
[host] OK   victory screen
[host] result: { "time": 9.43333333333338, "health": 4, "max_health": 6, "parries": 0, "stars_used": 12, "score": 75.0, "grade": "A", "tickets": 4, "first_win": true, "best_grade": true, "best_time": true }
[host] OK   grade shown
[host] OK   save knows the victory (host saves, client gets a copy)
[host] OK   only the host writes the save
[host] OK   fight reloaded
[host] OK   ready again after reload
[host] OK   two players after reload
[host] OK   new fight running
[host] OK   partner removed on host
[host] OK   fight goes on alone
[host] OK   host reached phase 3
[host] OK   partner back on host
[host] OK   host sees partner downed
[host] OK   host sees partner revived
[host] OK   both on the train
[host] OK   enemy shot by the client dies on this PC
[host] OK   ticket taken by the client is in the save
[host] OK   train finished on this PC
[host] OK   train done in the save
[host] OK   wrong box opened on this PC
[host] OK   right box hit by the client: bonus damage (15)
[host] OK   shell game: same box and swaps on both PCs
[host] OK   card fan: same targets on both PCs, P1 P2 P1 ([0, 1, 0])
[host] OK   black cards: same turns and same path on both PCs (0.000 px)
[host] OK   purchase in the save on this PC
[host] OK   partner wallet untouched
[host] FAILURES: 0
[client] OK   join started
[client] OK   both on the map
[client] OK   two walkers in the world
[client] OK   alone at the tent: waits for the partner
[client] OK   client chose the tent, both in the fight
[client] OK   both players exist
[client] OK   acrobat spawned with the host save equipment
[client] OK   client sees host cork (visual only)
[client] OK   EX from host damaged boss (1500 -> 1475)
[client] OK   EX from client damaged boss (1475 -> 1445)
[client] OK   client grand performing
[client] OK   duo declared on this PC
[client] boss after duo: 1445 -> 1045
[client] OK   duo dealt big damage
[client] OK   perfect bonus star (1.00)
[client] OK   victory screen
[client] result: { "time": 9.43333333333338, "health": 4, "max_health": 6, "parries": 0, "stars_used": 12, "score": 75.0, "grade": "A", "tickets": 4, "first_win": true, "best_grade": true, "best_time": true }
[client] OK   grade shown
[client] OK   save knows the victory (host saves, client gets a copy)
[client] OK   only the host writes the save
[client] OK   fight reloaded
[client] OK   ready again after reload
[client] OK   two players after reload
[client] OK   new fight running
[client] OK   rejoin started
[client] after rejoin: phase 2, health 300, on fire true
[client] OK   client caught up to phase 3
[client] OK   client caught up boss health
[client] OK   client became a balloon
[client] OK   client revived with 1 HP
[client] OK   both on the train
[client] OK   enemy shot by the client dies on this PC
[client] OK   ticket taken by the client is in the save
[client] OK   train finished on this PC
[client] OK   train done in the save
[client] OK   wrong box opened on this PC
[client] OK   right box hit by the client: bonus damage (15)
[client] OK   shell game: same box and swaps on both PCs
[client] OK   card fan: same targets on both PCs, P1 P2 P1 ([0, 1, 0])
[client] OK   black cards: same turns and same path on both PCs (0.000 px)
[client] OK   client buys for itself, not for the partner
[client] OK   purchase in the save on this PC
[client] OK   partner wallet untouched
[client] FAILURES: 0
host: 0 falhas, cliente: 0 falhas
